Component: ARM Compiler 5.06 update 4 (build 422) Tool: armlink [4d35d2]

==============================================================================

Section Cross References

    main.o(i.CheckResetReason) refers to led.o(i.Dis_Num) for Dis_Num
    main.o(i.CheckResetReason) refers to noretval__2printf.o(.text) for __2printf
    main.o(i.CheckResetReason) refers to main.o(.conststring) for .conststring
    main.o(i.main) refers to pin_mux.o(i.BOARD_InitPins) for BOARD_InitPins
    main.o(i.main) refers to clock_config.o(i.BOARD_BootClockRUN) for BOARD_BootClockRUN
    main.o(i.main) refers to init.o(i.All_Init) for All_Init
    main.o(i.main) refers to flash.o(i.Flash_Heng) for Flash_Heng
    main.o(i.main) refers to flash.o(i.Flash_Shu) for Flash_Shu
    main.o(i.main) refers to led.o(i.Dis_Num3) for Dis_Num3
    main.o(i.main) refers to led.o(i.LCD_Print) for LCD_Print
    main.o(i.main) refers to dflt_clz.o(x$fpl$dflt) for __aeabi_i2d
    main.o(i.main) refers to ddiv.o(x$fpl$ddiv) for __aeabi_ddiv
    main.o(i.main) refers to d2f.o(x$fpl$d2f) for __aeabi_d2f
    main.o(i.main) refers to led.o(i.LCD_Fill) for LCD_Fill
    main.o(i.main) refers to osc.o(i.img_extract) for img_extract
    main.o(i.main) refers to deal_image.o(i.Search_Black_Edge) for Search_Black_Edge
    main.o(i.main) refers to deal_image.o(i.Extract_Middle_Line) for Extract_Middle_Line
    main.o(i.main) refers to meeting_car.o(i.R_Data) for R_Data
    main.o(i.main) refers to meeting_car.o(i.T_Data) for T_Data
    main.o(i.main) refers to disply_send.o(i.Key_Scan) for Key_Scan
    main.o(i.main) refers to disply_send.o(i.Oled_Disply) for Oled_Disply
    main.o(i.main) refers to deal_elec.o(.data) for GetADMax
    main.o(i.main) refers to deal_elec.o(.bss) for tmpAD
    main.o(i.main) refers to speed_control.o(.data) for Speed_0
    main.o(i.main) refers to camera.o(.data) for Image_Finish
    main.o(i.main) refers to camera.o(.bss) for imgbuff
    board.o(i.BOARD_InitDebugConsole) refers to fsl_clock.o(i.CLOCK_GetBusClkFreq) for CLOCK_GetBusClkFreq
    board.o(i.BOARD_InitDebugConsole) refers to fsl_debug_console.o(i.DbgConsole_Init) for DbgConsole_Init
    clock_config.o(i.BOARD_BootClockRUN) refers to fsl_clock.o(i.CLOCK_InitOsc0) for CLOCK_InitOsc0
    clock_config.o(i.BOARD_BootClockRUN) refers to clock_config.o(i.CLOCK_CONFIG_SetFllExtRefDiv) for CLOCK_CONFIG_SetFllExtRefDiv
    clock_config.o(i.BOARD_BootClockRUN) refers to fsl_clock.o(i.CLOCK_BootToPeeMode) for CLOCK_BootToPeeMode
    clock_config.o(i.BOARD_BootClockRUN) refers to fsl_clock.o(i.CLOCK_SetSimConfig) for CLOCK_SetSimConfig
    clock_config.o(i.BOARD_BootClockRUN) refers to clock_config.o(.constdata) for oscConfig_BOARD_BootClockRUN
    clock_config.o(i.BOARD_BootClockRUN) refers to fsl_clock.o(.data) for g_xtal0Freq
    clock_config.o(i.BOARD_BootClockRUN) refers to system_mk60d10.o(.data) for SystemCoreClock
    pin_mux.o(i.BOARD_InitPins) refers to pin_mux.o(i.CLOCK_EnableClock) for CLOCK_EnableClock
    pin_mux.o(i.BOARD_InitPins) refers to pin_mux.o(i.PORT_SetPinMux) for PORT_SetPinMux
    pin_mux.o(i.BOARD_InitPins) refers to pin_mux.o(i.PORT_EnablePinsDigitalFilter) for PORT_EnablePinsDigitalFilter
    init.o(i.ADC_init) refers to fsl_adc16.o(i.ADC16_GetDefaultConfig) for ADC16_GetDefaultConfig
    init.o(i.ADC_init) refers to fsl_adc16.o(i.ADC16_Init) for ADC16_Init
    init.o(i.ADC_init) refers to fsl_adc16.o(i.ADC16_SetChannelConfig) for ADC16_SetChannelConfig
    init.o(i.All_Init) refers to init.o(i.NVIC_SetPriority) for NVIC_SetPriority
    init.o(i.All_Init) refers to scc_cmt.o(i.SCC_CMT_Init) for SCC_CMT_Init
    init.o(i.All_Init) refers to meeting_car.o(i.Meeting_Speed_Choice) for Meeting_Speed_Choice
    init.o(i.All_Init) refers to servo_control.o(i.Steering_Init) for Steering_Init
    init.o(i.All_Init) refers to speed_control.o(i.Crl_Pid_Init) for Crl_Pid_Init
    init.o(i.All_Init) refers to servo_control.o(i.Servo_Image_Init) for Servo_Image_Init
    init.o(i.All_Init) refers to init.o(i.Dial_Init) for Dial_Init
    init.o(i.All_Init) refers to init.o(i.Key_Init) for Key_Init
    init.o(i.All_Init) refers to init.o(i.Beep_Init) for Beep_Init
    init.o(i.All_Init) refers to init.o(i.Ftm_pwm_init) for Ftm_pwm_init
    init.o(i.All_Init) refers to init.o(i.Encoder_Init) for Encoder_Init
    init.o(i.All_Init) refers to init.o(i.Oled_Init) for Oled_Init
    init.o(i.All_Init) refers to init.o(i.Uart_Init) for Uart_Init
    init.o(i.All_Init) refers to init.o(i.ADC_init) for ADC_init
    init.o(i.All_Init) refers to camera.o(i.OV7725_eagle_init) for OV7725_eagle_init
    init.o(i.All_Init) refers to 6050_i2c.o(i.BOARD_I2C_ConfigurePins) for BOARD_I2C_ConfigurePins
    init.o(i.All_Init) refers to 6050_i2c.o(i.Mpu6050_Init) for Mpu6050_Init
    init.o(i.All_Init) refers to 6050_i2c.o(i.sensor_calibrate1) for sensor_calibrate1
[...]
    DMA4_DriverIRQHandler                    0x00001c69   Thumb Code    12  fsl_edma.o(i.DMA4_DriverIRQHandler)
    DMA5_DriverIRQHandler                    0x00001c79   Thumb Code    12  fsl_edma.o(i.DMA5_DriverIRQHandler)
    DMA6_DriverIRQHandler                    0x00001c89   Thumb Code    12  fsl_edma.o(i.DMA6_DriverIRQHandler)
    DMA7_DriverIRQHandler                    0x00001c99   Thumb Code    12  fsl_edma.o(i.DMA7_DriverIRQHandler)
    DMA8_DriverIRQHandler                    0x00001ca9   Thumb Code    12  fsl_edma.o(i.DMA8_DriverIRQHandler)
    DMA9_DriverIRQHandler                    0x00001cb9   Thumb Code    12  fsl_edma.o(i.DMA9_DriverIRQHandler)
    DMA_Callback                             0x00001cc9   Thumb Code    76  camera.o(i.DMA_Callback)
    DbgConsole_Printf                        0x00001dd1   Thumb Code    44  fsl_debug_console.o(i.DbgConsole_Printf)
    DbgConsole_Putchar                       0x00002069   Thumb Code    30  fsl_debug_console.o(i.DbgConsole_Putchar)
    Deal_DianGan                             0x0000208d   Thumb Code  2546  deal_elec.o(i.Deal_DianGan)
    Delay_Time                               0x00002ab1   Thumb Code    32  main.o(i.Delay_Time)
    Dial_Init                                0x00002ad1   Thumb Code    90  init.o(i.Dial_Init)
    Dis_Num3                                 0x00002b31   Thumb Code   362  led.o(i.Dis_Num3)
    Dis_Num4                                 0x00002ca5   Thumb Code   278  led.o(i.Dis_Num4)
    EDMA_HandleIRQ                           0x00002de9   Thumb Code   198  fsl_edma.o(i.EDMA_HandleIRQ)
    Encoder_Init                             0x00002f39   Thumb Code    98  init.o(i.Encoder_Init)
    Extract_Middle_Line                      0x00002fad   Thumb Code  1922  deal_image.o(i.Extract_Middle_Line)
    FLASH_Erase                              0x00003795   Thumb Code   160  fsl_flash.o(i.FLASH_Erase)
    FLASH_Init                               0x00003839   Thumb Code   106  fsl_flash.o(i.FLASH_Init)
    FLASH_PrepareExecuteInRamFunctions       0x000038b9   Thumb Code    32  fsl_flash.o(i.FLASH_PrepareExecuteInRamFunctions)
    FLASH_Program                            0x000038d9   Thumb Code   160  fsl_flash.o(i.FLASH_Program)
    FTM_GetDefaultConfig                     0x00003989   Thumb Code    56  fsl_ftm.o(i.FTM_GetDefaultConfig)
    FTM_Init                                 0x00003a4d   Thumb Code   184  fsl_ftm.o(i.FTM_Init)
    FTM_SetupPwm                             0x00003cbd   Thumb Code   582  fsl_ftm.o(i.FTM_SetupPwm)
    FTM_SetupQuadDecode                      0x00003f59   Thumb Code   158  fsl_ftm.o(i.FTM_SetupQuadDecode)
    FTM_UpdatePwmDutycycle                   0x00004031   Thumb Code   182  fsl_ftm.o(i.FTM_UpdatePwmDutycycle)
    First_Page                               0x000040f5   Thumb Code   462  disply_send.o(i.First_Page)
    Flash_Heng                               0x00004321   Thumb Code   444  flash.o(i.Flash_Heng)
    Flash_Init                               0x000044fd   Thumb Code    10  flash.o(i.Flash_Init)
    Flash_Shu                                0x0000450d   Thumb Code   444  flash.o(i.Flash_Shu)
    Ftm_pwm_init                             0x000046e9   Thumb Code    84  init.o(i.Ftm_pwm_init)
    GPIO_PinInit                             0x00004745   Thumb Code    72  fsl_gpio.o(i.GPIO_PinInit)
    GetADValue                               0x000047ad   Thumb Code   266  deal_elec.o(i.GetADValue)
    GetData1                                 0x000048c1   Thumb Code    38  6050_i2c.o(i.GetData1)
    GetHengMaxMin                            0x000048ed   Thumb Code   152  deal_elec.o(i.GetHengMaxMin)
    GetShuMaxMin                             0x00004991   Thumb Code    40  deal_elec.o(i.GetShuMaxMin)
    GuiYi                                    0x000049c5   Thumb Code   140  deal_elec.o(i.GuiYi)
    GuiYi_double                             0x00004a65   Thumb Code   144  deal_elec.o(i.GuiYi_double)
    I2C0_DriverIRQHandler                    0x00004b09   Thumb Code    14  fsl_i2c.o(i.I2C0_DriverIRQHandler)
    I2C1_DriverIRQHandler                    0x00004b21   Thumb Code    14  fsl_i2c.o(i.I2C1_DriverIRQHandler)
    I2CReadReg                               0x00004b39   Thumb Code   252  user_i2c.o(i.I2CReadReg)
    I2CWriteReg                              0x00004c39   Thumb Code   178  user_i2c.o(i.I2CWriteReg)
    I2C_GetInstance                          0x00004cf1   Thumb Code    48  fsl_i2c.o(i.I2C_GetInstance)
    I2C_MasterGetDefaultConfig               0x00004d65   Thumb Code    34  fsl_i2c.o(i.I2C_MasterGetDefaultConfig)
    I2C_MasterInit                           0x00004db5   Thumb Code   120  fsl_i2c.o(i.I2C_MasterInit)
    I2C_MasterSetBaudRate                    0x00004e65   Thumb Code   136  fsl_i2c.o(i.I2C_MasterSetBaudRate)
    I2C_init                                 0x00004f39   Thumb Code    32  6050_i2c.o(i.I2C_init)
    Image_Data_Init                          0x00004f61   Thumb Code   112  deal_image.o(i.Image_Data_Init)
    Key_Init                                 0x00005009   Thumb Code    50  init.o(i.Key_Init)
    Key_Scan                                 0x00005041   Thumb Code   122  disply_send.o(i.Key_Scan)
    LCD_DLY_ms                               0x000050c5   Thumb Code    24  led.o(i.LCD_DLY_ms)
    LCD_Fill                                 0x000050dd   Thumb Code    58  led.o(i.LCD_Fill)
    LCD_Init                                 0x00005119   Thumb Code   136  led.o(i.LCD_Init)
    LCD_P14x16Str                            0x000051a5   Thumb Code   246  led.o(i.LCD_P14x16Str)
    LCD_P6x8Str                              0x000052a5   Thumb Code    96  led.o(i.LCD_P6x8Str)
    LCD_Print                                0x00005309   Thumb Code   100  led.o(i.LCD_Print)
    LCD_Set_Pos                              0x0000536d   Thumb Code    40  led.o(i.LCD_Set_Pos)
    LCD_WrCmd                                0x00005395   Thumb Code    62  led.o(i.LCD_WrCmd)
    LCD_WrDat                                0x000053d9   Thumb Code    64  led.o(i.LCD_WrDat)
    Meeting_Car_Process                      0x0000541d   Thumb Code  1890  meeting_car.o(i.Meeting_Car_Process)
    Meeting_Speed_Choice                     0x00005c05   Thumb Code   280  meeting_car.o(i.Meeting_Speed_Choice)
    Motor_Out_Pwm                            0x00005d61   Thumb Code   252  speed_control.o(i.Motor_Out_Pwm)
    Mpu6050_Init                             0x00005e6d   Thumb Code   114  6050_i2c.o(i.Mpu6050_Init)
    NRF24L01_Check_f                         0x00005ee5   Thumb Code    60  24l01_f.o(i.NRF24L01_Check_f)
    NRF24L01_Check_s                         0x00005f25   Thumb Code    60  24l01_s.o(i.NRF24L01_Check_s)
    NRF24L01_RxPacket_s                      0x00005f65   Thumb Code    52  24l01_s.o(i.NRF24L01_RxPacket_s)
    NRF24L01_TxPacket_f                      0x00005f9d   Thumb Code    74  24l01_f.o(i.NRF24L01_TxPacket_f)
    Nrfl2401_fa_Init                         0x00006049   Thumb Code   110  init.o(i.Nrfl2401_fa_Init)
    Nrfl2401_shou_Init                       0x000060c5   Thumb Code   110  init.o(i.Nrfl2401_shou_Init)
    OV7725_EAGLE_Delay_ms                    0x00006141   Thumb Code    26  camera.o(i.OV7725_EAGLE_Delay_ms)
    OV7725_eagle_init                        0x0000615d   Thumb Code    24  camera.o(i.OV7725_eagle_init)
    Oled_Disply                              0x00006449   Thumb Code    44  disply_send.o(i.Oled_Disply)
    Oled_Init                                0x00006479   Thumb Code    64  init.o(i.Oled_Init)
    PIT0_IRQHandler                          0x000064bd   Thumb Code   962  speed_control.o(i.PIT0_IRQHandler)
    PIT1_IRQHandler                          0x000068ed   Thumb Code    30  init.o(i.PIT1_IRQHandler)
    PIT2_IRQHandler                          0x00006915   Thumb Code    14  speed_control.o(i.PIT2_IRQHandler)
    PIT_Init                                 0x000069c1   Thumb Code    82  fsl_pit.o(i.PIT_Init)
    PORTC_IRQHandler                         0x00006a49   Thumb Code   156  camera.o(i.PORTC_IRQHandler)
    PORTE_IRQHandler                         0x00006b01   Thumb Code   214  mandarin.o(i.PORTE_IRQHandler)
    Pid_Increment                            0x00006ca5   Thumb Code   236  speed_control.o(i.Pid_Increment)
    Pid_Position                             0x00006d99   Thumb Code   196  speed_control.o(i.Pid_Position)
    RX_Mode_s                                0x00006e65   Thumb Code    76  24l01_s.o(i.RX_Mode_s)
    R_Data                                   0x00006eb9   Thumb Code   532  meeting_car.o(i.R_Data)
    Round                                    0x0000712d   Thumb Code   610  deal_elec.o(i.Round)
    SCCB_GPIO_Init                           0x0000740d   Thumb Code    50  sccb.o(i.SCCB_GPIO_Init)
    SCCB_ReadByte                            0x0000748d   Thumb Code    46  sccb.o(i.SCCB_ReadByte)
    SCCB_WriteByte                           0x000076d9   Thumb Code    38  sccb.o(i.SCCB_WriteByte)
    SCC_CMT_Duty                             0x00007759   Thumb Code    50  scc_cmt.o(i.SCC_CMT_Duty)
    SCC_CMT_Init                             0x00007795   Thumb Code   138  scc_cmt.o(i.SCC_CMT_Init)
    SPI_RW_Reg_f                             0x0000782d   Thumb Code    36  24l01_f.o(i.SPI_RW_Reg_f)
    SPI_RW_Reg_s                             0x00007855   Thumb Code    36  24l01_s.o(i.SPI_RW_Reg_s)
    SPI_RW_f                                 0x0000787d   Thumb Code    64  24l01_f.o(i.SPI_RW_f)
    SPI_RW_s                                 0x000078c5   Thumb Code    60  24l01_s.o(i.SPI_RW_s)
    SPI_Read_Buf_f                           0x00007909   Thumb Code    58  24l01_f.o(i.SPI_Read_Buf_f)
    SPI_Read_Buf_s                           0x00007949   Thumb Code    58  24l01_s.o(i.SPI_Read_Buf_s)
    SPI_Read_f                               0x00007989   Thumb Code    34  24l01_f.o(i.SPI_Read_f)
    SPI_Read_s                               0x000079b1   Thumb Code    34  24l01_s.o(i.SPI_Read_s)
    SPI_Write_Buf                            0x000079d9   Thumb Code    56  24l01_f.o(i.SPI_Write_Buf)
    SPI_Write_Buf_s                          0x00007a15   Thumb Code    56  24l01_s.o(i.SPI_Write_Buf_s)
    Search_Black_Edge                        0x00007a51   Thumb Code  8130  deal_image.o(i.Search_Black_Edge)
    Search_Curve_line                        0x00009a29   Thumb Code    84  deal_image.o(i.Search_Curve_line)
    Search_LeftInflectionPoint               0x00009a85   Thumb Code   222  deal_image.o(i.Search_LeftInflectionPoint)
    Search_RightInflectionPoint              0x00009b7d   Thumb Code   224  deal_image.o(i.Search_RightInflectionPoint)
    Search_Straight_Meeting_Place            0x00009c75   Thumb Code  1384  deal_image.o(i.Search_Straight_Meeting_Place)
    Second_Page                              0x0000a219   Thumb Code   114  disply_send.o(i.Second_Page)
    Servo_DinaGan_Out                        0x0000a29d   Thumb Code   434  servo_control.o(i.Servo_DinaGan_Out)
    Servo_Image_Init                         0x0000a49d   Thumb Code    18  servo_control.o(i.Servo_Image_Init)
    SetAddressingMode                        0x0000a4bd   Thumb Code    18  led.o(i.SetAddressingMode)
    SetContrastControl                       0x0000a4cf   Thumb Code    18  led.o(i.SetContrastControl)
    SetStartLine                             0x0000a4e1   Thumb Code    14  led.o(i.SetStartLine)
    Set_Charge_Pump                          0x0000a4ef   Thumb Code    20  led.o(i.Set_Charge_Pump)
    Set_Common_Config                        0x0000a503   Thumb Code    20  led.o(i.Set_Common_Config)
    Set_Common_Remap                         0x0000a517   Thumb Code    14  led.o(i.Set_Common_Remap)
    Set_Display_Clock                        0x0000a525   Thumb Code    18  led.o(i.Set_Display_Clock)
    Set_Display_Offset                       0x0000a537   Thumb Code    18  led.o(i.Set_Display_Offset)
    Set_Display_On_Off                       0x0000a549   Thumb Code    14  led.o(i.Set_Display_On_Off)
    Set_Entire_Display                       0x0000a557   Thumb Code    14  led.o(i.Set_Entire_Display)
    Set_Inverse_Display                      0x0000a565   Thumb Code    14  led.o(i.Set_Inverse_Display)
    Set_Multiplex_Ratio                      0x0000a573   Thumb Code    18  led.o(i.Set_Multiplex_Ratio)
    Set_Precharge_Period                     0x0000a585   Thumb Code    18  led.o(i.Set_Precharge_Period)
    Set_Segment_Remap                        0x0000a597   Thumb Code    14  led.o(i.Set_Segment_Remap)
    Set_VCOMH                                0x0000a5a5   Thumb Code    18  led.o(i.Set_VCOMH)
    Speed_Calculate                          0x0000a5b9   Thumb Code   272  speed_control.o(i.Speed_Calculate)
    Steering_Init                            0x0000a6f9   Thumb Code    18  servo_control.o(i.Steering_Init)
    SystemInit                               0x0000a71d   Thumb Code    22  system_mk60d10.o(i.SystemInit)
    TX_Mode_f                                0x0000a739   Thumb Code    92  24l01_f.o(i.TX_Mode_f)
    T_Data                                   0x0000a79d   Thumb Code   380  meeting_car.o(i.T_Data)
    Third_Page                               0x0000a945   Thumb Code   182  disply_send.o(i.Third_Page)
    UART0_DriverIRQHandler                   0x0000aa11   Thumb Code    16  fsl_uart.o(i.UART0_DriverIRQHandler)
    UART0_RX_TX_DriverIRQHandler             0x0000aa2d   Thumb Code     8  fsl_uart.o(i.UART0_RX_TX_DriverIRQHandler)
    UART1_DriverIRQHandler                   0x0000aa35   Thumb Code    16  fsl_uart.o(i.UART1_DriverIRQHandler)
    UART1_RX_TX_DriverIRQHandler             0x0000aa51   Thumb Code     8  fsl_uart.o(i.UART1_RX_TX_DriverIRQHandler)
    UART2_DriverIRQHandler                   0x0000aa59   Thumb Code    16  fsl_uart.o(i.UART2_DriverIRQHandler)
    UART2_RX_TX_DriverIRQHandler             0x0000aa75   Thumb Code     8  fsl_uart.o(i.UART2_RX_TX_DriverIRQHandler)
    UART3_DriverIRQHandler                   0x0000aa7d   Thumb Code    16  fsl_uart.o(i.UART3_DriverIRQHandler)
    UART3_RX_TX_DriverIRQHandler             0x0000aa99   Thumb Code     8  fsl_uart.o(i.UART3_RX_TX_DriverIRQHandler)
    UART4_DriverIRQHandler                   0x0000aaa1   Thumb Code    16  fsl_uart.o(i.UART4_DriverIRQHandler)
    UART4_RX_TX_DriverIRQHandler             0x0000aabd   Thumb Code     8  fsl_uart.o(i.UART4_RX_TX_DriverIRQHandler)
    UART5_DriverIRQHandler                   0x0000aac5   Thumb Code    16  fsl_uart.o(i.UART5_DriverIRQHandler)
    UART5_RX_TX_DriverIRQHandler             0x0000aae1   Thumb Code     8  fsl_uart.o(i.UART5_RX_TX_DriverIRQHandler)
    UART_GetInstance                         0x0000aae9   Thumb Code    50  fsl_uart.o(i.UART_GetInstance)
    UART_Init                                0x0000ab55   Thumb Code   252  fsl_uart.o(i.UART_Init)
    Uart_Init                                0x0000ac91   Thumb Code    44  init.o(i.Uart_Init)
    __aeabi_assert                           0x0000acc1   Thumb Code    24  fsl_common.o(i.__aeabi_assert)
    edge_detection_left                      0x0000ad51   Thumb Code   188  deal_image.o(i.edge_detection_left)
    edge_detection_left1                     0x0000ae15   Thumb Code    84  deal_image.o(i.edge_detection_left1)
    edge_detection_right                     0x0000ae71   Thumb Code   188  deal_image.o(i.edge_detection_right)
    flash_cache_clear                        0x0000af35   Thumb Code    14  fsl_flash.o(i.flash_cache_clear)
    fmc_flash_cache_clear                    0x0000b059   Thumb Code    22  fsl_flash.o(i.fmc_flash_cache_clear)
    fmc_flash_prefetch_speculation_clear     0x0000b079   Thumb Code    22  fsl_flash.o(i.fmc_flash_prefetch_speculation_clear)
    fputc                                    0x0000b099   Thumb Code    32  fsl_debug_console.o(i.fputc)
    img_extract                              0x0000b0bd   Thumb Code   122  osc.o(i.img_extract)
    init_io_f                                0x0000b13d   Thumb Code    20  24l01_f.o(i.init_io_f)
    init_io_s                                0x0000b155   Thumb Code    16  24l01_s.o(i.init_io_s)
    main                                     0x0000b169   Thumb Code   394  main.o(i.main)
    pit_init                                 0x0000b339   Thumb Code   168  init.o(i.pit_init)
    sensor_calibrate1                        0x0000b409   Thumb Code   228  6050_i2c.o(i.sensor_calibrate1)
    __aeabi_d2f                              0x0000b51d   Thumb Code     0  d2f.o(x$fpl$d2f)
    _d2f                                     0x0000b51d   Thumb Code    98  d2f.o(x$fpl$d2f)
    __aeabi_dadd                             0x0000b581   Thumb Code     0  daddsub_clz.o(x$fpl$dadd)
    _dadd                                    0x0000b581   Thumb Code   332  daddsub_clz.o(x$fpl$dadd)
    __fpl_dcmp_Inf                           0x0000b6d1   Thumb Code    24  dcmpi.o(x$fpl$dcmpinf)
    __aeabi_ddiv                             0x0000b6e9   Thumb Code     0  ddiv.o(x$fpl$ddiv)
    _ddiv                                    0x0000b6e9   Thumb Code   552  ddiv.o(x$fpl$ddiv)
    __aeabi_d2iz                             0x0000b999   Thumb Code     0  dfix.o(x$fpl$dfix)
    _dfix                                    0x0000b999   Thumb Code    94  dfix.o(x$fpl$dfix)
    __aeabi_i2d                              0x0000b9f7   Thumb Code     0  dflt_clz.o(x$fpl$dflt)
    _dflt                                    0x0000b9f7   Thumb Code    46  dflt_clz.o(x$fpl$dflt)
    __aeabi_cdcmple                          0x0000ba25   Thumb Code     0  dleqf.o(x$fpl$dleqf)
    _dcmple                                  0x0000ba25   Thumb Code   120  dleqf.o(x$fpl$dleqf)
    __fpl_dcmple_InfNaN                      0x0000ba87   Thumb Code     0  dleqf.o(x$fpl$dleqf)
    __aeabi_dmul                             0x0000ba9d   Thumb Code     0  dmul.o(x$fpl$dmul)
    _dmul                                    0x0000ba9d   Thumb Code   332  dmul.o(x$fpl$dmul)
    __fpl_dnaninf                            0x0000bbf1   Thumb Code   156  dnaninf.o(x$fpl$dnaninf)
    __fpl_dretinf                            0x0000bc8d   Thumb Code    12  dretinf.o(x$fpl$dretinf)
    __aeabi_cdrcmple                         0x0000bc99   Thumb Code     0  drleqf.o(x$fpl$drleqf)
    _drcmple                                 0x0000bc99   Thumb Code   108  drleqf.o(x$fpl$drleqf)
    __aeabi_dsub                             0x0000bd05   Thumb Code     0  daddsub_clz.o(x$fpl$dsub)
    _dsub                                    0x0000bd05   Thumb Code   464  daddsub_clz.o(x$fpl$dsub)
    __aeabi_f2d                              0x0000bed9   Thumb Code     0  f2d.o(x$fpl$f2d)
    _f2d                                     0x0000bed9   Thumb Code    86  f2d.o(x$fpl$f2d)
    __aeabi_fadd                             0x0000bf31   Thumb Code     0  faddsub_clz.o(x$fpl$fadd)
    _fadd                                    0x0000bf31   Thumb Code   196  faddsub_clz.o(x$fpl$fadd)
    __fpl_fcmp_Inf                           0x0000bff5   Thumb Code    24  fcmpi.o(x$fpl$fcmpinf)
    __aeabi_fdiv                             0x0000c00d   Thumb Code     0  fdiv.o(x$fpl$fdiv)
    _fdiv                                    0x0000c00d   Thumb Code   384  fdiv.o(x$fpl$fdiv)
    __aeabi_f2iz                             0x0000c191   Thumb Code     0  ffix.o(x$fpl$ffix)
    _ffix                                    0x0000c191   Thumb Code    54  ffix.o(x$fpl$ffix)
    __aeabi_i2f                              0x0000c1c9   Thumb Code     0  fflt_clz.o(x$fpl$fflt)
    _fflt                                    0x0000c1c9   Thumb Code    48  fflt_clz.o(x$fpl$fflt)
    __aeabi_ui2f                             0x0000c1f9   Thumb Code     0  fflt_clz.o(x$fpl$ffltu)
    _ffltu                                   0x0000c1f9   Thumb Code    38  fflt_clz.o(x$fpl$ffltu)
    __aeabi_cfcmple                          0x0000c221   Thumb Code     0  fleqf.o(x$fpl$fleqf)
    _fcmple                                  0x0000c221   Thumb Code   104  fleqf.o(x$fpl$fleqf)
    __fpl_fcmple_InfNaN                      0x0000c273   Thumb Code     0  fleqf.o(x$fpl$fleqf)
    __aeabi_fmul                             0x0000c289   Thumb Code     0  fmul.o(x$fpl$fmul)
    _fmul                                    0x0000c289   Thumb Code   258  fmul.o(x$fpl$fmul)
    __fpl_fnaninf                            0x0000c38b   Thumb Code   140  fnaninf.o(x$fpl$fnaninf)
    __fpl_fretinf                            0x0000c417   Thumb Code    10  fretinf.o(x$fpl$fretinf)
    __aeabi_cfrcmple                         0x0000c421   Thumb Code     0  frleqf.o(x$fpl$frleqf)
    _frcmple                                 0x0000c421   Thumb Code    98  frleqf.o(x$fpl$frleqf)
    __aeabi_frsub                            0x0000c483   Thumb Code     0  faddsub_clz.o(x$fpl$frsb)
    _frsb                                    0x0000c483   Thumb Code    20  faddsub_clz.o(x$fpl$frsb)
    __aeabi_fsub                             0x0000c499   Thumb Code     0  faddsub_clz.o(x$fpl$fsub)
    _fsub                                    0x0000c499   Thumb Code   234  faddsub_clz.o(x$fpl$fsub)
    __I$use$fp                               0x0000c582   Number         0  usenofp.o(x$fpl$usenofp)
    mcgConfig_BOARD_BootClockRUN             0x0000c584   Data          11  clock_config.o(.constdata)
    simConfig_BOARD_BootClockRUN             0x0000c590   Data           8  clock_config.o(.constdata)
    oscConfig_BOARD_BootClockRUN             0x0000c598   Data           8  clock_config.o(.constdata)
    F6x8                                     0x0000c5b8   Data         552  led.o(.constdata)
    F14x16_Idx                               0x0000c7e0   Data           5  led.o(.constdata)
    F14x16                                   0x0000c7e5   Data          56  led.o(.constdata)
    F8X16                                    0x0000c81d   Data        1520  led.o(.constdata)
    LIBLOGO60x58                             0x0000ce0d   Data         480  led.o(.constdata)
    kFCCOBx                                  0x0000d06c   Data           4  fsl_flash.o(.constdata)
    kFPROTL                                  0x0000d070   Data           4  fsl_flash.o(.constdata)
    kPFlashDensities                         0x0000d09c   Data          30  fsl_flash.o(.constdata)
    Region$$Table$$Base                      0x0000d1d0   Number         0  anon$$obj.o(Region$$Table)
    Region$$Table$$Limit                     0x0000d200   Number         0  anon$$obj.o(Region$$Table)
    Image$$RW_m_data$$Base                   0x1fff0000   Number         0  anon$$obj.o ABSOLUTE
    imgbuff                                  0x1fff0000   Data        2400  camera.o(.bss)
    imgbuff1                                 0x1fff0960   Data        2400  camera.o(.bss)
    image_buffer                             0x1fff12c0   Data       19200  camera.o(.bss)
    shou1                                    0x20000000   Data           2  main.o(.data)
    shou2                                    0x20000002   Data           2  main.o(.data)
    Satrt_Count                              0x20000004   Data           4  main.o(.data)
    ggggg                                    0x20000008   Data           2  main.o(.data)
    Time_Counter                             0x2000000c   Data           4  main.o(.data)
    PwmServoOut                              0x20000010   Data           2  servo_control.o(.data)
    Steering_P                               0x20000014   Data           4  servo_control.o(.data)
    Steering_D                               0x20000018   Data           4  servo_control.o(.data)
    DirectionKp                              0x2000001c   Data           4  servo_control.o(.data)
    DirectionKd                              0x20000020   Data           4  servo_control.o(.data)
    ExpectOffset                             0x20000024   Data           4  servo_control.o(.data)
    ExpectOffset_old                         0x20000028   Data           4  servo_control.o(.data)
    T_ExpectOffset_old                       0x2000002c   Data           4  servo_control.o(.data)
    DirectionPDout                           0x20000030   Data           2  servo_control.o(.data)
    MpuKp                                    0x20000034   Data           4  servo_control.o(.data)
    MpuKd                                    0x20000038   Data           4  servo_control.o(.data)
    MpuNowError                              0x2000003c   Data           4  servo_control.o(.data)
    MpuLastError                             0x20000040   Data           4  servo_control.o(.data)
    PDoutAll                                 0x20000044   Data           2  servo_control.o(.data)
    Last_Image_Differ                        0x20000048   Data           4  servo_control.o(.data)
    Left_Find_Point                          0x2000004c   Data           4  deal_image.o(.data)
    Right_Find_Point                         0x20000050   Data           4  deal_image.o(.data)
    Left_End_Row                             0x20000054   Data           2  deal_image.o(.data)
    Right_End_Row                            0x20000056   Data           2  deal_image.o(.data)
    Middle_End_Row                           0x20000058   Data           2  deal_image.o(.data)
    Ramp_Flag                                0x2000005a   Data           1  deal_image.o(.data)
    Ramp_Count                               0x2000005b   Data           1  deal_image.o(.data)
    Left_Inflection_Row1                     0x2000005c   Data           2  deal_image.o(.data)
    Left_Inflection_Row2                     0x2000005e   Data           2  deal_image.o(.data)
    Left_Inflection_Flag                     0x20000060   Data           1  deal_image.o(.data)
    Right_Inflection_Row1                    0x20000062   Data           2  deal_image.o(.data)
    Right_Inflection_Row2                    0x20000064   Data           2  deal_image.o(.data)
    Right_Inflection_Flag                    0x20000066   Data           1  deal_image.o(.data)
    Left_Straight_Line_Flag                  0x20000067   Data           1  deal_image.o(.data)
    Right_Straight_Line_Flag                 0x20000068   Data           1  deal_image.o(.data)
    Straight_Line_Flag                       0x20000069   Data           1  deal_image.o(.data)
    End_Line_Flag                            0x2000006a   Data           1  deal_image.o(.data)
    Pro_End_Line_Flag                        0x2000006b   Data           1  deal_image.o(.data)
    Asist_End_Line                           0x2000006c   Data           1  deal_image.o(.data)
    Asist_End_LineCount                      0x2000006d   Data           1  deal_image.o(.data)
    Asist_End_LineErr                        0x2000006e   Data           1  deal_image.o(.data)
    End_Distance                             0x20000070   Data           4  deal_image.o(.data)
    End_Line_Slow_Flag                       0x20000074   Data           1  deal_image.o(.data)
    Meeting_Car_Flag                         0x20000075   Data           1  deal_image.o(.data)
    Asist_Meeting_Car_Flag                   0x20000076   Data           1  deal_image.o(.data)
    Enable_Meeting_Car                       0x20000077   Data           1  deal_image.o(.data)
    Inflection_Slope1                        0x20000078   Data           4  deal_image.o(.data)
    Inflection_Slope2                        0x2000007c   Data           4  deal_image.o(.data)
    Inflection_Intercept                     0x20000080   Data           2  deal_image.o(.data)
    Left_Limit_Slope                         0x20000084   Data           4  deal_image.o(.data)
    Left_Limit_Intercept                     0x20000088   Data           4  deal_image.o(.data)
    Right_Limit_Slope                        0x2000008c   Data           4  deal_image.o(.data)
    Right_Limit_Intercept                    0x20000090   Data           4  deal_image.o(.data)
    left_add_line_flag                       0x20000094   Data           1  deal_image.o(.data)
    right_add_line_flag                      0x20000095   Data           1  deal_image.o(.data)
    Right_Asist_row_flag                     0x20000096   Data           1  deal_image.o(.data)
    Left_Asist_row_flag                      0x20000097   Data           1  deal_image.o(.data)
    Image_Differ                             0x20000098   Data           4  deal_image.o(.data)
    Left_MeetingPlace_flag                   0x2000009c   Data           1  deal_image.o(.data)
    Right_MeetingPlace_flag                  0x2000009d   Data           1  deal_image.o(.data)
    MeetingPlace_flag                        0x2000009e   Data           1  deal_image.o(.data)
    RJudge_MPlace_row                        0x200000a0   Data           6  deal_image.o(.data)
    RJudge_MPlace_flag                       0x200000a6   Data           3  deal_image.o(.data)
    Jump_count                               0x200000aa   Data           2  deal_image.o(.data)
    Inflection_count                         0x200000ac   Data           2  deal_image.o(.data)
    LJudge_MPlace_row                        0x200000ae   Data           6  deal_image.o(.data)
    LJudge_MPlace_flag                       0x200000b4   Data           3  deal_image.o(.data)
    Meeting_place_count                      0x200000b8   Data           2  deal_image.o(.data)
    CurMeetingPlace_flag                     0x200000ba   Data           1  deal_image.o(.data)
    LeftCur_Inf1                             0x200000bc   Data           2  deal_image.o(.data)
    LeftCur_InfFlag1                         0x200000be   Data           1  deal_image.o(.data)
    LeftCur_InfFlag2                         0x200000bf   Data           1  deal_image.o(.data)
    RightCur_Inf1                            0x200000c0   Data           2  deal_image.o(.data)
    RightCur_InfFlag1                        0x200000c2   Data           1  deal_image.o(.data)
    RightCur_InfFlag2                        0x200000c3   Data           1  deal_image.o(.data)
    R_ADMax                                  0x200000c4   Data           2  deal_elec.o(.data)
    GetADMax                                 0x200000c8   Data          24  deal_elec.o(.data)
    GetADMin                                 0x200000e0   Data          24  deal_elec.o(.data)
    WeightCbh01                              0x200000f8   Data           4  deal_elec.o(.data)
    WeightCbh34                              0x200000fc   Data           4  deal_elec.o(.data)
    WeightOffsetDan                          0x20000100   Data           4  deal_elec.o(.data)
    Cbh01                                    0x20000104   Data           4  deal_elec.o(.data)
    CbhOld01                                 0x20000108   Data           4  deal_elec.o(.data)
    Cbh34                                    0x2000010c   Data           4  deal_elec.o(.data)
    CbhOld34                                 0x20000110   Data           4  deal_elec.o(.data)
    DirGan                                   0x20000114   Data           4  deal_elec.o(.data)
    DirGanOld                                0x20000118   Data           4  deal_elec.o(.data)
    OffsetDan                                0x2000011c   Data           4  deal_elec.o(.data)
    L_OffsetDan                              0x20000120   Data           4  deal_elec.o(.data)
    Cross_Flag                               0x20000124   Data           1  deal_elec.o(.data)
    Cross_Flag_E                             0x20000125   Data           1  deal_elec.o(.data)
    Dir_E                                    0x20000128   Data           4  deal_elec.o(.data)
    Dir_EOld                                 0x2000012c   Data           4  deal_elec.o(.data)
    min01                                    0x20000130   Data           4  deal_elec.o(.data)
    max01                                    0x20000134   Data           4  deal_elec.o(.data)
    min34                                    0x20000138   Data           4  deal_elec.o(.data)
    Sum_T                                    0x2000013c   Data           2  deal_elec.o(.data)
    Sum_T_L                                  0x2000013e   Data           2  deal_elec.o(.data)
    R_Dir_Cal                                0x20000140   Data           2  deal_elec.o(.data)
    Left_Roundabout_Flag                     0x20000142   Data           1  deal_elec.o(.data)
    Right_Roundabout_Flag                    0x20000143   Data           1  deal_elec.o(.data)
    Roundabout_Asist_Flag                    0x20000144   Data           1  deal_elec.o(.data)
    Roundabout_Distance                      0x20000148   Data           4  deal_elec.o(.data)
    Roundabout_Count                         0x2000014c   Data           2  deal_elec.o(.data)
    Change_R_Coumt                           0x2000014e   Data           2  deal_elec.o(.data)
    R_IN_Count                               0x20000150   Data           2  deal_elec.o(.data)
    l_sum                                    0x20000154   Data           4  deal_elec.o(.data)
    r_sum                                    0x20000158   Data           4  deal_elec.o(.data)
    Speed_0                                  0x2000015c   Data           4  speed_control.o(.data)
    Left_Pulse                               0x20000160   Data           2  speed_control.o(.data)
    Right_Pulse                              0x20000162   Data           2  speed_control.o(.data)
    Left_Actual_Speed                        0x20000164   Data           2  speed_control.o(.data)
    Right_Actual_Speed                       0x20000166   Data           2  speed_control.o(.data)
    protect_motor_count                      0x20000168   Data           2  speed_control.o(.data)
    protect_flag                             0x2000016a   Data           1  speed_control.o(.data)
    Motor_Proportion                         0x2000016c   Data           4  speed_control.o(.data)
    Start_Distance                           0x20000170   Data           4  speed_control.o(.data)
    R_Distance                               0x20000174   Data           4  speed_control.o(.data)
    Start_Flag                               0x20000178   Data           1  speed_control.o(.data)
    Stra_Sp_F                                0x2000017a   Data           2  speed_control.o(.data)
    Count_L                                  0x2000017c   Data           1  speed_control.o(.data)
    Motor_Set_Speed                          0x2000017e   Data           2  speed_control.o(.data)
    Diff_Speed                               0x20000180   Data           2  speed_control.o(.data)
    Coefficient_S                            0x20000184   Data           4  speed_control.o(.data)
    Double_Car_Mode                          0x20000188   Data           1  meeting_car.o(.data)
    Double_Car_Count                         0x2000018a   Data           2  meeting_car.o(.data)
    Waiting_Flag                             0x2000018c   Data           1  meeting_car.o(.data)
    UpRamp_Distance                          0x20000190   Data           4  meeting_car.o(.data)
    DownRamp_Distance                        0x20000194   Data           4  meeting_car.o(.data)
    Meeting_Distance                         0x20000198   Data           4  meeting_car.o(.data)
    End_Meeting_Flag                         0x2000019c   Data           1  meeting_car.o(.data)
    Asist_Meeting_Flag                       0x2000019d   Data           1  meeting_car.o(.data)
    Meeting_Car_Choice_Flag                  0x2000019e   Data           1  meeting_car.o(.data)
    Meeting_Back_Flag                        0x2000019f   Data           1  meeting_car.o(.data)
    Cur_Dis                                  0x200001a0   Data           4  meeting_car.o(.data)
    Cur_Enable_M_Car                         0x200001a4   Data           1  meeting_car.o(.data)
    Cur_Enter                                0x200001a5   Data           1  meeting_car.o(.data)
    Cur_Asist_Flag                           0x200001a6   Data           1  meeting_car.o(.data)
    Cur_Buffer_D                             0x200001a8   Data           4  meeting_car.o(.data)
    Cur_M_A_f                                0x200001ac   Data           1  meeting_car.o(.data)
    A_End_D                                  0x200001b0   Data           4  meeting_car.o(.data)
    End_Falg                                 0x200001b4   Data           1  meeting_car.o(.data)
    M_Back_F                                 0x200001b5   Data           1  meeting_car.o(.data)
    Meeting_Back_Distance                    0x200001b8   Data           4  meeting_car.o(.data)
    Test_F                                   0x200001bc   Data           1  meeting_car.o(.data)
    Test_F1                                  0x200001bd   Data           1  meeting_car.o(.data)
    Test_F2                                  0x200001be   Data           1  meeting_car.o(.data)
    Page_Number                              0x200001c0   Data           4  disply_send.o(.data)
    TX_ADDRESS_f                             0x200001c4   Data          10  24l01_f.o(.data)
    buf_f                                    0x200001ce   Data          10  24l01_f.o(.data)
    TX_ADDRESS_s                             0x200001d8   Data          10  24l01_s.o(.data)
    RX_ADDRESS_s                             0x200001e2   Data          10  24l01_s.o(.data)
    buf_s                                    0x200001ec   Data          10  24l01_s.o(.data)
    Camera                                   0x200001f8   Data           1  camera.o(.data)
    OV7725_eagle_img_buff                    0x200001fc   Data           4  camera.o(.data)
    ov7725_eagle_img_flag                    0x20000200   Data           1  camera.o(.data)
    OV7725_eagle_reg                         0x20000201   Data          98  camera.o(.data)
    OV7725_eagle_cfgnum                      0x20000263   Data           1  camera.o(.data)
    ImgFlag                                  0x20000264   Data           1  camera.o(.data)
    Image_Finish                             0x20000265   Data           1  camera.o(.data)
    MPU_GYRO_X                               0x20000268   Data           4  6050_i2c.o(.data)
    MPU_GYRO_Y                               0x2000026c   Data           4  6050_i2c.o(.data)
    MPU_GYRO_Z                               0x20000270   Data           4  6050_i2c.o(.data)
    MPU_ACC_X                                0x20000274   Data           4  6050_i2c.o(.data)
    MPU_ACC_Y                                0x20000278   Data           4  6050_i2c.o(.data)
    MPU_ACC_Z                                0x2000027c   Data           4  6050_i2c.o(.data)
    GRYO_X                                   0x20000280   Data           4  6050_i2c.o(.data)
    GRYO_Y                                   0x20000284   Data           4  6050_i2c.o(.data)
    GRYO_Z                                   0x20000288   Data           4  6050_i2c.o(.data)
    ACC_X                                    0x2000028c   Data           4  6050_i2c.o(.data)
    ACC_Y                                    0x20000290   Data           4  6050_i2c.o(.data)
    ACC_Z                                    0x20000294   Data           4  6050_i2c.o(.data)
    GRYO_X_OFFSET                            0x20000298   Data           2  6050_i2c.o(.data)
    GRYO_Y_OFFSET                            0x2000029a   Data           2  6050_i2c.o(.data)
    GRYO_Z_OFFSET                            0x2000029c   Data           2  6050_i2c.o(.data)
    ACC_X_OFFET                              0x2000029e   Data           2  6050_i2c.o(.data)
    ACC_Y_OFFET                              0x200002a0   Data           2  6050_i2c.o(.data)
    ACC_Z_OFFET                              0x200002a2   Data           2  6050_i2c.o(.data)
    GRYO_X_NOW                               0x200002a4   Data           4  6050_i2c.o(.data)
    ACC_X_NOW                                0x200002a8   Data           4  6050_i2c.o(.data)
    ANGLE_X                                  0x200002ac   Data           4  6050_i2c.o(.data)
    ANGLE_Y                                  0x200002b0   Data           4  6050_i2c.o(.data)
    ANGLE_Z                                  0x200002b4   Data           4  6050_i2c.o(.data)
    Gyr_Z                                    0x200002b8   Data           2  6050_i2c.o(.data)
    distance                                 0x200002bc   Data           4  mandarin.o(.data)
    count1                                   0x200002c0   Data           4  mandarin.o(.data)
    count2                                   0x200002c4   Data           4  mandarin.o(.data)
    distance_set                             0x200002c8   Data           4  mandarin.o(.data)
    speed_add                                0x200002cc   Data           2  mandarin.o(.data)
    k                                        0x200002d0   Data           4  mandarin.o(.data)
    distance_f                               0x200002d4   Data           4  mandarin.o(.data)
    distance_s                               0x200002d8   Data           4  mandarin.o(.data)
    read                                     0x200002dc   Data           1  flash.o(.data)
    temp_num                                 0x200002de   Data           2  scc_cmt.o(.data)
    SystemCoreClock                          0x200002e0   Data           4  system_mk60d10.o(.data)
    __stdout                                 0x200002e4   Data           4  fsl_debug_console.o(.data)
    __stdin                                  0x200002e8   Data           4  fsl_debug_console.o(.data)
    g_xtal0Freq                              0x200002f4   Data           4  fsl_clock.o(.data)
    g_xtal32Freq                             0x200002f8   Data           4  fsl_clock.o(.data)
    Servo                                    0x20000318   Data          12  servo_control.o(.bss)
    Jump_Left                                0x20000324   Data         480  deal_image.o(.bss)
    Jump_Right                               0x20000504   Data         480  deal_image.o(.bss)
    Jump_Middle                              0x200006e4   Data         480  deal_image.o(.bss)
    Jump_Roundabout                          0x200008c4   Data         640  deal_image.o(.bss)
    Curve_Meeting                            0x20000b44   Data         640  deal_image.o(.bss)
    AD                                       0x20000dc4   Data          24  deal_elec.o(.bss)
    L_AD                                     0x20000ddc   Data          12  deal_elec.o(.bss)
    G_AD                                     0x20000de8   Data          24  deal_elec.o(.bss)
    tmpAD                                    0x20000e00   Data          24  deal_elec.o(.bss)
    G_AD_double                              0x20000e18   Data          24  deal_elec.o(.bss)
    Left                                     0x20000e30   Data          36  speed_control.o(.bss)
    Right                                    0x20000e54   Data          36  speed_control.o(.bss)
    E_Distance                               0x20000e78   Data          40  speed_control.o(.bss)
    M_Distance                               0x20000ea0   Data          40  speed_control.o(.bss)
    C_Distance                               0x20000ec8   Data          40  speed_control.o(.bss)
    B_Distance                               0x20000ef0   Data          40  speed_control.o(.bss)
    TX_TAB_f                                 0x20000f18   Data          16  24l01_f.o(.bss)
    RX_TAB_s                                 0x20000f28   Data          16  24l01_s.o(.bss)
    S_buffer                                 0x20000f38   Data          96  flash.o(.bss)
    DianGan__Buffer                          0x20000f98   Data          96  flash.o(.bss)
    flash_con1                               0x20000ff8   Data          52  flash.o(.bss)
    Image$$ARM_LIB_HEAP$$ZI$$Base            0x20001120   Number         0  anon$$obj.o ABSOLUTE
    Image$$ARM_LIB_HEAP$$ZI$$Limit           0x20001520   Number         0  anon$$obj.o ABSOLUTE
    Image$$ARM_LIB_STACK$$ZI$$Limit          0x20010000   Number         0  anon$$obj.o ABSOLUTE



==============================================================================

Memory Map of the image

  Image Entry point : 0x00000411

  Load Region LR_m_text (Base: 0x00000000, Size: 0x0000d518, Max: 0x00080000, ABSOLUTE, COMPRESSED[0x0000d2e0])

    Execution Region VECTOR_ROM (Base: 0x00000000, Size: 0x00000400, Max: 0x00000400, ABSOLUTE)

    Base Addr    Size         Type   Attr      Idx    E Section Name        Object

    0x00000000   0x00000400   Data   RO         2114    RESET               startup_mk60d10.o


    Execution Region VECTOR_RAM (Base: 0x00000000, Size: 0x00000000, Max: 0x00000000, ABSOLUTE)

    Base Addr    Size         Type   Attr      Idx    E Section Name        Object

    0x00000000   0x00000000   Zero   RW            1    VECTOR_RAM.bss      anon$$obj.o


    Execution Region ER_m_flash_config (Base: 0x00000400, Size: 0x00000010, Max: 0x00000010, ABSOLUTE, FIXED)

    Base Addr    Size         Type   Attr      Idx    E Section Name        Object

    0x00000400   0x00000010   Data   RO         2115    FlashConfig         startup_mk60d10.o


    Execution Region ER_m_text (Base: 0x00000410, Size: 0x0000cdf0, Max: 0x0007fbf0, ABSOLUTE)

    Base Addr    Size         Type   Attr      Idx    E Section Name        Object

    0x00000410   0x00000008   Code   RO         4091  * !!!main             c_w.l(__main.o)
    0x00000418   0x00000034   Code   RO         4400    !!!scatter          c_w.l(__scatter.o)
    0x0000044c   0x0000005a   Code   RO         4398    !!dczerorl2         c_w.l(__dczerorl2.o)
    0x000004a6   0x00000002   PAD
    0x000004a8   0x0000001c   Code   RO         4402    !!handler_zi        c_w.l(__scatter_zi.o)
    0x000004c4   0x00000000   Code   RO         4080    .ARM.Collect$$_printf_percent$$00000000  c_w.l(_printf_percent.o)
    0x000004c4   0x00000006   Code   RO         4079    .ARM.Collect$$_printf_percent$$00000009  c_w.l(_printf_d.o)
    0x000004ca   0x00000006   Code   RO         4078    .ARM.Collect$$_printf_percent$$0000000C  c_w.l(_printf_x.o)
    0x000004d0   0x00000004   Code   RO         4174    .ARM.Collect$$_printf_percent$$00000017  c_w.l(_printf_percent_end.o)
    0x000004d4   0x00000002   Code   RO         4259    .ARM.Collect$$libinit$$00000000  c_w.l(libinit.o)
    0x000004d6   0x00000000   Code   RO         4273    .ARM.Collect$$libinit$$00000002  c_w.l(libinit2.o)
    0x000004d6   0x00000000   Code   RO         4275    .ARM.Collect$$libinit$$00000004  c_w.l(libinit2.o)
    0x000004d6   0x00000000   Code   RO         4278    .ARM.Collect$$libinit$$0000000A  c_w.l(libinit2.o)
    0x000004d6   0x00000000   Code   RO         4280    .ARM.Collect$$libinit$$0000000C  c_w.l(libinit2.o)
    0x000004d6   0x00000000   Code   RO         4282    .ARM.Collect$$libinit$$0000000E  c_w.l(libinit2.o)
    0x000004d6   0x00000000   Code   RO         4285    .ARM.Collect$$libinit$$00000011  c_w.l(libinit2.o)
    0x000004d6   0x00000000   Code   RO         4287    .ARM.Collect$$libinit$$00000013  c_w.l(libinit2.o)
    0x000004d6   0x00000000   Code   RO         4289    .ARM.Collect$$libinit$$00000015  c_w.l(libinit2.o)
    0x000004d6   0x00000000   Code   RO         4291    .ARM.Collect$$libinit$$00000017  c_w.l(libinit2.o)
    0x000004d6   0x00000000   Code   RO         4293    .ARM.Collect$$libinit$$00000019  c_w.l(libinit2.o)
    0x000004d6   0x00000000   Code   RO         4295    .ARM.Collect$$libinit$$0000001B  c_w.l(libinit2.o)
    0x000004d6   0x00000000   Code   RO         4297    .ARM.Collect$$libinit$$0000001D  c_w.l(libinit2.o)
    0x000004d6   0x00000000   Code   RO         4299    .ARM.Collect$$libinit$$0000001F  c_w.l(libinit2.o)
    0x000004d6   0x00000000   Code   RO         4301    .ARM.Collect$$libinit$$00000021  c_w.l(libinit2.o)
    0x000004d6   0x00000000   Code   RO         4303    .ARM.Collect$$libinit$$00000023  c_w.l(libinit2.o)
    0x000004d6   0x00000000   Code   RO         4305    .ARM.Collect$$libinit$$00000025  c_w.l(libinit2.o)
    0x000004d6   0x00000000   Code   RO         4309    .ARM.Collect$$libinit$$0000002C  c_w.l(libinit2.o)
    0x000004d6   0x00000000   Code   RO         4311    .ARM.Collect$$libinit$$0000002E  c_w.l(libinit2.o)
    0x000004d6   0x00000000   Code   RO         4313    .ARM.Collect$$libinit$$00000030  c_w.l(libinit2.o)
    0x000004d6   0x00000000   Code   RO         4315    .ARM.Collect$$libinit$$00000032  c_w.l(libinit2.o)
    0x000004d6   0x00000002   Code   RO         4316    .ARM.Collect$$libinit$$00000033  c_w.l(libinit2.o)
    0x000004d8   0x00000002   Code   RO         4355    .ARM.Collect$$libshutdown$$00000000  c_w.l(libshutdown.o)
    0x000004da   0x00000000   Code   RO         4381    .ARM.Collect$$libshutdown$$00000002  c_w.l(libshutdown2.o)
    0x000004da   0x00000000   Code   RO         4383    .ARM.Collect$$libshutdown$$00000004  c_w.l(libshutdown2.o)
    0x000004da   0x00000000   Code   RO         4386    .ARM.Collect$$libshutdown$$00000007  c_w.l(libshutdown2.o)
    0x000004da   0x00000000   Code   RO         4389    .ARM.Collect$$libshutdown$$0000000A  c_w.l(libshutdown2.o)
    0x000004da   0x00000000   Code   RO         4391    .ARM.Collect$$libshutdown$$0000000C  c_w.l(libshutdown2.o)
    0x000004da   0x00000000   Code   RO         4394    .ARM.Collect$$libshutdown$$0000000F  c_w.l(libshutdown2.o)
    0x000004da   0x00000002   Code   RO         4395    .ARM.Collect$$libshutdown$$00000010  c_w.l(libshutdown2.o)
    0x000004dc   0x00000000   Code   RO         4163    .ARM.Collect$$rtentry$$00000000  c_w.l(__rtentry.o)
    0x000004dc   0x00000000   Code   RO         4207    .ARM.Collect$$rtentry$$00000002  c_w.l(__rtentry2.o)
    0x000004dc   0x00000004   Code   RO         4221    .ARM.Collect$$rtentry$$00000007  c_w.l(__rtentry7.o)
    0x000004e0   0x00000000   Code   RO         4209    .ARM.Collect$$rtentry$$00000009  c_w.l(__rtentry2.o)
    0x000004e0   0x00000004   Code   RO         4210    .ARM.Collect$$rtentry$$0000000A  c_w.l(__rtentry2.o)
    0x000004e4   0x00000000   Code   RO         4212    .ARM.Collect$$rtentry$$0000000C  c_w.l(__rtentry2.o)
    0x000004e4   0x00000008   Code   RO         4213    .ARM.Collect$$rtentry$$0000000D  c_w.l(__rtentry2.o)
    0x000004ec   0x00000004   Code   RO         4222    .ARM.Collect$$rtentry$$00002718  c_w.l(__rtentry7.o)
    0x000004f0   0x00000002   Code   RO         4264    .ARM.Collect$$rtexit$$00000000  c_w.l(rtexit.o)
    0x000004f2   0x00000000   Code   RO         4329    .ARM.Collect$$rtexit$$00000002  c_w.l(rtexit2.o)
    0x000004f2   0x00000004   Code   RO         4330    .ARM.Collect$$rtexit$$00000003  c_w.l(rtexit2.o)
    0x000004f6   0x00000006   Code   RO         4331    .ARM.Collect$$rtexit$$00000004  c_w.l(rtexit2.o)
    0x000004fc   0x000001ec   Code   RO         2116    .text               startup_mk60d10.o
    0x000006e8   0x000000ee   Code   RO         4027    .text               c_w.l(lludivv7m.o)
    0x000007d6   0x00000002   PAD
    0x000007d8   0x00000018   Code   RO         4031    .text               c_w.l(noretval__2printf.o)
    0x000007f0   0x00000068   Code   RO         4033    .text               c_w.l(__printf.o)
    0x00000858   0x00000078   Code   RO         4035    .text               c_w.l(_printf_dec.o)
    0x000008d0   0x00000058   Code   RO         4040    .text               c_w.l(_printf_hex_int.o)
    0x00000928   0x0000003e   Code   RO         4081    .text               c_w.l(strlen.o)
    0x00000966   0x0000008a   Code   RO         4083    .text               c_w.l(rt_memcpy_v6.o)
    0x000009f0   0x00000064   Code   RO         4085    .text               c_w.l(rt_memcpy_w.o)
    0x00000a54   0x0000004e   Code   RO         4089    .text               c_w.l(rt_memclr_w.o)
    0x00000aa2   0x000000b2   Code   RO         4170    .text               c_w.l(_printf_intcommon.o)
    0x00000b54   0x00000024   Code   RO         4172    .text               c_w.l(_printf_char_file.o)
    0x00000b78   0x00000030   Code   RO         4233    .text               c_w.l(_printf_char_common.o)
    0x00000ba8   0x00000008   Code   RO         4235    .text               c_w.l(ferror.o)
    0x00000bb0   0x00000012   Code   RO         4248    .text               c_w.l(exit.o)
    0x00000bc2   0x00000002   PAD
    0x00000bc4   0x0000000c   Code   RO         4323    .text               c_w.l(sys_exit.o)
    0x00000bd0   0x00000002   Code   RO         4325    .text               c_w.l(use_no_semi.o)
    0x00000bd2   0x00000000   Code   RO         4327    .text               c_w.l(indicate_semi.o)
    0x00000bd2   0x00000002   PAD
    0x00000bd4   0x0000005c   Code   RO         2238    i.ADC16_GetDefaultConfig  fsl_adc16.o
    0x00000c30   0x00000070   Code   RO         2239    i.ADC16_GetInstance  fsl_adc16.o
    0x00000ca0   0x000000f0   Code   RO         2241    i.ADC16_Init        fsl_adc16.o
    0x00000d90   0x0000008c   Code   RO         2242    i.ADC16_SetChannelConfig  fsl_adc16.o
    0x00000e1c   0x00000018   Code   RO         2244    i.ADC16_SetHardwareAverage  fsl_adc16.o
    0x00000e34   0x0000003c   Code   RO          331    i.ADC_init          init.o
    0x00000e70   0x0000000a   Code   RO          970    i.Absolute          led.o
    0x00000e7a   0x0000002e   Code   RO          332    i.Adc_Get_Result    init.o
    0x00000ea8   0x0000002e   Code   RO          554    i.Add_Line          deal_image.o
    0x00000ed6   0x00000002   PAD
    0x00000ed8   0x000000a8   Code   RO          333    i.All_Init          init.o
    0x00000f80   0x00000060   Code   RO          246    i.BOARD_BootClockRUN  clock_config.o
    0x00000fe0   0x00000030   Code   RO         1693    i.BOARD_I2C_ConfigurePins  6050_i2c.o
    0x00001010   0x00000368   Code   RO          285    i.BOARD_InitPins    pin_mux.o
    0x00001378   0x00000020   Code   RO          334    i.Beep_Init         init.o
    0x00001398   0x00000068   Code   RO         2339    i.CLOCK_BootToPeeMode  fsl_clock.o
    0x00001400   0x00000014   Code   RO          247    i.CLOCK_CONFIG_SetFllExtRefDiv  clock_config.o
    0x00001414   0x00000018   Code   RO          286    i.CLOCK_EnableClock  pin_mux.o
    0x0000142c   0x00000018   Code   RO          335    i.CLOCK_EnableClock  init.o
    0x00001444   0x00000018   Code   RO         3107    i.CLOCK_EnableClock  fsl_i2c.o
    0x0000145c   0x00000074   Code   RO         2343    i.CLOCK_EnablePll0  fsl_clock.o
    0x000014d0   0x00000088   Code   RO         2349    i.CLOCK_GetEr32kClkFreq  fsl_clock.o
    0x00001558   0x0000001c   Code   RO         2350    i.CLOCK_GetFixedFreqClkFreq  fsl_clock.o
    0x00001574   0x0000006c   Code   RO         2353    i.CLOCK_GetFllExtRefClkFreq  fsl_clock.o
    0x000015e0   0x0000004c   Code   RO         2354    i.CLOCK_GetFllFreq  fsl_clock.o
    0x0000162c   0x00000020   Code   RO         2355    i.CLOCK_GetFllRefClkFreq  fsl_clock.o
    0x0000164c   0x000000c0   Code   RO         2356    i.CLOCK_GetFreq     fsl_clock.o
    0x0000170c   0x0000001c   Code   RO         2357    i.CLOCK_GetInternalRefClkFreq  fsl_clock.o
    0x00001728   0x0000002c   Code   RO         2358    i.CLOCK_GetInternalRefClkSelectFreq  fsl_clock.o
    0x00001754   0x00000084   Code   RO         2359    i.CLOCK_GetMcgExtClkFreq  fsl_clock.o
    0x000017d8   0x00000058   Code   RO         2361    i.CLOCK_GetOsc0ErClkFreq  fsl_clock.o
    0x00001830   0x00000020   Code   RO         2362    i.CLOCK_GetOscRangeFromFreq  fsl_clock.o
    0x00001850   0x0000003c   Code   RO         2363    i.CLOCK_GetOutClkFreq  fsl_clock.o
    0x0000188c   0x0000006c   Code   RO         2365    i.CLOCK_GetPll0Freq  fsl_clock.o
    0x000018f8   0x00000008   Code   RO         2366    i.CLOCK_GetPll0RefFreq  fsl_clock.o
    0x00001900   0x0000002c   Code   RO         2367    i.CLOCK_GetPllFllSelClkFreq  fsl_clock.o
    0x0000192c   0x0000006c   Code   RO         2369    i.CLOCK_InitOsc0    fsl_clock.o
    0x00001998   0x0000001c   Code   RO         2373    i.CLOCK_SetExternalRefClkConfig  fsl_clock.o
    0x000019b4   0x000000a0   Code   RO         2381    i.CLOCK_SetPbeMode  fsl_clock.o
    0x00001a54   0x00000030   Code   RO         2385    i.CLOCK_SetSimConfig  fsl_clock.o
    0x00001a84   0x00000130   Code   RO          761    i.Crl_Pid_Init      speed_control.o
    0x00001bb4   0x00000024   Code   RO         3667    i.DMA0_DriverIRQHandler  fsl_edma.o
    0x00001bd8   0x00000010   Code   RO         3668    i.DMA10_DriverIRQHandler  fsl_edma.o
    0x00001be8   0x00000010   Code   RO         3669    i.DMA11_DriverIRQHandler  fsl_edma.o
    0x00001bf8   0x00000010   Code   RO         3670    i.DMA12_DriverIRQHandler  fsl_edma.o
    0x00001c08   0x00000010   Code   RO         3671    i.DMA13_DriverIRQHandler  fsl_edma.o
    0x00001c18   0x00000010   Code   RO         3672    i.DMA14_DriverIRQHandler  fsl_edma.o
    0x00001c28   0x00000010   Code   RO         3673    i.DMA15_DriverIRQHandler  fsl_edma.o
    0x00001c38   0x00000010   Code   RO         3674    i.DMA1_DriverIRQHandler  fsl_edma.o
    0x00001c48   0x00000010   Code   RO         3675    i.DMA2_DriverIRQHandler  fsl_edma.o
    0x00001c58   0x00000010   Code   RO         3676    i.DMA3_DriverIRQHandler  fsl_edma.o
    0x00001c68   0x00000010   Code   RO         3677    i.DMA4_DriverIRQHandler  fsl_edma.o
    0x00001c78   0x00000010   Code   RO         3678    i.DMA5_DriverIRQHandler  fsl_edma.o
    0x00001c88   0x00000010   Code   RO         3679    i.DMA6_DriverIRQHandler  fsl_edma.o
    0x00001c98   0x00000010   Code   RO         3680    i.DMA7_DriverIRQHandler  fsl_edma.o
    0x00001ca8   0x00000010   Code   RO         3681    i.DMA8_DriverIRQHandler  fsl_edma.o
    0x00001cb8   0x00000010   Code   RO         3682    i.DMA9_DriverIRQHandler  fsl_edma.o
    0x00001cc8   0x00000060   Code   RO         1500    i.DMA_Callback      camera.o
    0x00001d28   0x000000a8   Code   RO         2123    i.DbgConsole_ConvertRadixNumToString  fsl_debug_console.o
    0x00001dd0   0x00000034   Code   RO         2127    i.DbgConsole_Printf  fsl_debug_console.o
    0x00001e04   0x0000023a   Code   RO         2128    i.DbgConsole_PrintfFormattedData  fsl_debug_console.o
    0x0000203e   0x00000028   Code   RO         2129    i.DbgConsole_PrintfPaddingCharacter  fsl_debug_console.o
    0x00002066   0x00000002   PAD
    0x00002068   0x00000024   Code   RO         2130    i.DbgConsole_Putchar  fsl_debug_console.o
    0x0000208c   0x00000a24   Code   RO          681    i.Deal_DianGan      deal_elec.o
    0x00002ab0   0x00000020   Code   RO            8    i.Delay_Time        main.o
    0x00002ad0   0x00000060   Code   RO          336    i.Dial_Init         init.o
    0x00002b30   0x00000174   Code   RO          973    i.Dis_Num3          led.o
    0x00002ca4   0x00000120   Code   RO          974    i.Dis_Num4          led.o
    0x00002dc4   0x00000024   Code   RO         1868    i.DisableIRQ        mandarin.o
    0x00002de8   0x000000f0   Code   RO         3694    i.EDMA_HandleIRQ    fsl_edma.o
    0x00002ed8   0x00000024   Code   RO          337    i.EnableIRQ         init.o
    0x00002efc   0x00000016   Code   RO         1501    i.EnableIRQ         camera.o
    0x00002f12   0x00000024   Code   RO         1869    i.EnableIRQ         mandarin.o
    0x00002f36   0x00000002   PAD
    0x00002f38   0x00000074   Code   RO          338    i.Encoder_Init      init.o
    0x00002fac   0x000007e8   Code   RO          556    i.Extract_Middle_Line  deal_image.o
    0x00003794   0x000000a4   Code   RO         2666    i.FLASH_Erase       fsl_flash.o
    0x00003838   0x00000080   Code   RO         2671    i.FLASH_Init        fsl_flash.o
    0x000038b8   0x00000020   Code   RO         2678    i.FLASH_PrepareExecuteInRamFunctions  fsl_flash.o
    0x000038d8   0x000000a4   Code   RO         2679    i.FLASH_Program     fsl_flash.o
    0x0000397c   0x00000006   Code   RO          339    i.FTM_ClearQuadDecoderCounterValue  init.o
    0x00003982   0x00000006   Code   RO          762    i.FTM_ClearQuadDecoderCounterValue  speed_control.o
    0x00003988   0x00000058   Code   RO         2933    i.FTM_GetDefaultConfig  fsl_ftm.o
    0x000039e0   0x0000006c   Code   RO         2935    i.FTM_GetInstance   fsl_ftm.o
    0x00003a4c   0x000000e0   Code   RO         2937    i.FTM_Init          fsl_ftm.o
    0x00003b2c   0x000000a0   Code   RO         2938    i.FTM_SetPwmSync    fsl_ftm.o
    0x00003bcc   0x00000006   Code   RO          340    i.FTM_SetQuadDecoderModuloValue  init.o
    0x00003bd2   0x00000002   PAD
    0x00003bd4   0x000000e8   Code   RO         2939    i.FTM_SetReloadPoints  fsl_ftm.o
    0x00003cbc   0x0000029c   Code   RO         2944    i.FTM_SetupPwm      fsl_ftm.o
    0x00003f58   0x000000d8   Code   RO         2945    i.FTM_SetupQuadDecode  fsl_ftm.o
    0x00004030   0x000000c4   Code   RO         2947    i.FTM_UpdatePwmDutycycle  fsl_ftm.o
    0x000040f4   0x0000022c   Code   RO          899    i.First_Page        disply_send.o
    0x00004320   0x000001dc   Code   RO         1956    i.Flash_Heng        flash.o
    0x000044fc   0x00000010   Code   RO         1957    i.Flash_Init        flash.o
    0x0000450c   0x000001dc   Code   RO         1958    i.Flash_Shu         flash.o
    0x000046e8   0x0000005c   Code   RO          341    i.Ftm_pwm_init      init.o
    0x00004744   0x00000068   Code   RO         3063    i.GPIO_PinInit      fsl_gpio.o
    0x000047ac   0x00000114   Code   RO          682    i.GetADValue        deal_elec.o
    0x000048c0   0x0000002c   Code   RO         1696    i.GetData1          6050_i2c.o
    0x000048ec   0x000000a4   Code   RO          684    i.GetHengMaxMin     deal_elec.o
    0x00004990   0x00000034   Code   RO          685    i.GetShuMaxMin      deal_elec.o
    0x000049c4   0x000000a0   Code   RO          686    i.GuiYi             deal_elec.o
    0x00004a64   0x000000a4   Code   RO          687    i.GuiYi_double      deal_elec.o
    0x00004b08   0x00000018   Code   RO         3109    i.I2C0_DriverIRQHandler  fsl_i2c.o
    0x00004b20   0x00000018   Code   RO         3110    i.I2C1_DriverIRQHandler  fsl_i2c.o
    0x00004b38   0x00000100   Code   RO         1786    i.I2CReadReg        user_i2c.o
    0x00004c38   0x000000b8   Code   RO         1790    i.I2CWriteReg       user_i2c.o
    0x00004cf0   0x00000070   Code   RO         3115    i.I2C_GetInstance   fsl_i2c.o
    0x00004d60   0x00000004   Code   RO         3117    i.I2C_MasterClearStatusFlags  fsl_i2c.o
    0x00004d64   0x00000050   Code   RO         3119    i.I2C_MasterGetDefaultConfig  fsl_i2c.o
    0x00004db4   0x000000b0   Code   RO         3121    i.I2C_MasterInit    fsl_i2c.o
    0x00004e64   0x0000008c   Code   RO         3124    i.I2C_MasterSetBaudRate  fsl_i2c.o
    0x00004ef0   0x00000048   Code   RO         3146    i.I2C_TransferCommonIRQHandler  fsl_i2c.o
    0x00004f38   0x00000028   Code   RO         1698    i.I2C_init          6050_i2c.o
    0x00004f60   0x000000a8   Code   RO          557    i.Image_Data_Init   deal_image.o
    0x00005008   0x00000038   Code   RO          342    i.Key_Init          init.o
    0x00005040   0x00000084   Code   RO          900    i.Key_Scan          disply_send.o
    0x000050c4   0x00000018   Code   RO          980    i.LCD_DLY_ms        led.o
    0x000050dc   0x0000003a   Code   RO          981    i.LCD_Fill          led.o
    0x00005116   0x00000002   PAD
    0x00005118   0x0000008c   Code   RO          982    i.LCD_Init          led.o
    0x000051a4   0x00000100   Code   RO          983    i.LCD_P14x16Str     led.o
    0x000052a4   0x00000064   Code   RO          984    i.LCD_P6x8Str       led.o
    0x00005308   0x00000064   Code   RO          986    i.LCD_Print         led.o
    0x0000536c   0x00000028   Code   RO          989    i.LCD_Set_Pos       led.o
    0x00005394   0x00000044   Code   RO          990    i.LCD_WrCmd         led.o
    0x000053d8   0x00000044   Code   RO          991    i.LCD_WrDat         led.o
    0x0000541c   0x000007e8   Code   RO          850    i.Meeting_Car_Process  meeting_car.o
    0x00005c04   0x0000015c   Code   RO          851    i.Meeting_Speed_Choice  meeting_car.o
    0x00005d60   0x0000010c   Code   RO          763    i.Motor_Out_Pwm     speed_control.o
    0x00005e6c   0x00000078   Code   RO         1699    i.Mpu6050_Init      6050_i2c.o
    0x00005ee4   0x00000040   Code   RO         1341    i.NRF24L01_Check_f  24l01_f.o
    0x00005f24   0x00000040   Code   RO         1421    i.NRF24L01_Check_s  24l01_s.o
    0x00005f64   0x00000038   Code   RO         1422    i.NRF24L01_RxPacket_s  24l01_s.o
    0x00005f9c   0x00000054   Code   RO         1342    i.NRF24L01_TxPacket_f  24l01_f.o
    0x00005ff0   0x00000018   Code   RO         1502    i.NVIC_DisableIRQ   camera.o
    0x00006008   0x00000016   Code   RO         1503    i.NVIC_EnableIRQ    camera.o
    0x0000601e   0x00000002   PAD
    0x00006020   0x00000028   Code   RO          343    i.NVIC_SetPriority  init.o
    0x00006048   0x0000007c   Code   RO          344    i.Nrfl2401_fa_Init  init.o
    0x000060c4   0x0000007c   Code   RO          345    i.Nrfl2401_shou_Init  init.o
    0x00006140   0x0000001a   Code   RO         1504    i.OV7725_EAGLE_Delay_ms  camera.o
    0x0000615a   0x00000002   PAD
    0x0000615c   0x0000001c   Code   RO         1505    i.OV7725_eagle_init  camera.o
    0x00006178   0x00000198   Code   RO         1506    i.OV7725_eagle_port_init  camera.o
    0x00006310   0x00000138   Code   RO         1507    i.OV7725_eagle_reg_init  camera.o
    0x00006448   0x00000030   Code   RO          901    i.Oled_Disply       disply_send.o
    0x00006478   0x00000044   Code   RO          346    i.Oled_Init         init.o
    0x000064bc   0x00000430   Code   RO          764    i.PIT0_IRQHandler   speed_control.o
    0x000068ec   0x00000028   Code   RO          347    i.PIT1_IRQHandler   init.o
    0x00006914   0x00000014   Code   RO          765    i.PIT2_IRQHandler   speed_control.o
    0x00006928   0x0000000c   Code   RO          766    i.PIT_ClearStatusFlags  speed_control.o
    0x00006934   0x0000001a   Code   RO          348    i.PIT_EnableInterrupts  init.o
    0x0000694e   0x00000002   PAD
    0x00006950   0x00000070   Code   RO         3371    i.PIT_GetInstance   fsl_pit.o
    0x000069c0   0x0000007c   Code   RO         3372    i.PIT_Init          fsl_pit.o
    0x00006a3c   0x0000000c   Code   RO          349    i.PIT_SetTimerPeriod  init.o
    0x00006a48   0x000000b8   Code   RO         1508    i.PORTC_IRQHandler  camera.o
    0x00006b00   0x00000108   Code   RO         1873    i.PORTE_IRQHandler  mandarin.o
    0x00006c08   0x0000001c   Code   RO          287    i.PORT_EnablePinsDigitalFilter  pin_mux.o
    0x00006c24   0x00000048   Code   RO         1700    i.PORT_SetPinConfig  6050_i2c.o
    0x00006c6c   0x0000000e   Code   RO         1509    i.PORT_SetPinInterruptConfig  camera.o
    0x00006c7a   0x0000000e   Code   RO         1598    i.PORT_SetPinInterruptConfig  sccb.o
    0x00006c88   0x0000000e   Code   RO         1874    i.PORT_SetPinInterruptConfig  mandarin.o
    0x00006c96   0x0000000e   Code   RO          288    i.PORT_SetPinMux    pin_mux.o
    0x00006ca4   0x000000f4   Code   RO          767    i.Pid_Increment     speed_control.o
    0x00006d98   0x000000cc   Code   RO          768    i.Pid_Position      speed_control.o
    0x00006e64   0x00000054   Code   RO         1423    i.RX_Mode_s         24l01_s.o
    0x00006eb8   0x00000274   Code   RO          852    i.R_Data            meeting_car.o
    0x0000712c   0x000002a0   Code   RO          688    i.Round             deal_elec.o
    0x000073cc   0x00000040   Code   RO         1599    i.SCCB_Ack          sccb.o
    0x0000740c   0x00000040   Code   RO         1600    i.SCCB_GPIO_Init    sccb.o
    0x0000744c   0x00000040   Code   RO         1601    i.SCCB_NoAck        sccb.o
    0x0000748c   0x0000002e   Code   RO         1602    i.SCCB_ReadByte     sccb.o
    0x000074ba   0x00000002   PAD
    0x000074bc   0x00000090   Code   RO         1603    i.SCCB_ReadByte_one  sccb.o
    0x0000754c   0x0000005c   Code   RO         1604    i.SCCB_ReceiveByte  sccb.o
    0x000075a8   0x0000004c   Code   RO         1605    i.SCCB_SendByte     sccb.o
    0x000075f4   0x00000060   Code   RO         1606    i.SCCB_Start        sccb.o
    0x00007654   0x00000034   Code   RO         1607    i.SCCB_Stop         sccb.o
    0x00007688   0x00000050   Code   RO         1608    i.SCCB_WaitAck      sccb.o
    0x000076d8   0x00000026   Code   RO         1609    i.SCCB_WriteByte    sccb.o
    0x000076fe   0x00000040   Code   RO         1610    i.SCCB_WriteByte_one  sccb.o
    0x0000773e   0x00000018   Code   RO         1611    i.SCCB_delay        sccb.o
    0x00007756   0x00000002   PAD
    0x00007758   0x0000003c   Code   RO         2011    i.SCC_CMT_Duty      scc_cmt.o
    0x00007794   0x00000098   Code   RO         2012    i.SCC_CMT_Init      scc_cmt.o
    0x0000782c   0x00000028   Code   RO         1343    i.SPI_RW_Reg_f      24l01_f.o
    0x00007854   0x00000028   Code   RO         1424    i.SPI_RW_Reg_s      24l01_s.o
    0x0000787c   0x00000048   Code   RO         1344    i.SPI_RW_f          24l01_f.o
    0x000078c4   0x00000044   Code   RO         1425    i.SPI_RW_s          24l01_s.o
    0x00007908   0x00000040   Code   RO         1345    i.SPI_Read_Buf_f    24l01_f.o
    0x00007948   0x00000040   Code   RO         1426    i.SPI_Read_Buf_s    24l01_s.o
    0x00007988   0x00000028   Code   RO         1346    i.SPI_Read_f        24l01_f.o
    0x000079b0   0x00000028   Code   RO         1427    i.SPI_Read_s        24l01_s.o
    0x000079d8   0x0000003c   Code   RO         1347    i.SPI_Write_Buf     24l01_f.o
    0x00007a14   0x0000003c   Code   RO         1428    i.SPI_Write_Buf_s   24l01_s.o
    0x00007a50   0x00001fd8   Code   RO          558    i.Search_Black_Edge  deal_image.o
    0x00009a28   0x0000005c   Code   RO          560    i.Search_Curve_line  deal_image.o
    0x00009a84   0x000000f8   Code   RO          562    i.Search_LeftInflectionPoint  deal_image.o
    0x00009b7c   0x000000f8   Code   RO          564    i.Search_RightInflectionPoint  deal_image.o
    0x00009c74   0x000005a4   Code   RO          565    i.Search_Straight_Meeting_Place  deal_image.o
    0x0000a218   0x00000084   Code   RO          902    i.Second_Page       disply_send.o
    0x0000a29c   0x00000200   Code   RO          500    i.Servo_DinaGan_Out  servo_control.o
    0x0000a49c   0x00000020   Code   RO          501    i.Servo_Image_Init  servo_control.o
    0x0000a4bc   0x00000012   Code   RO          992    i.SetAddressingMode  led.o
    0x0000a4ce   0x00000012   Code   RO          994    i.SetContrastControl  led.o
    0x0000a4e0   0x0000000e   Code   RO          997    i.SetStartLine      led.o
    0x0000a4ee   0x00000014   Code   RO          999    i.Set_Charge_Pump   led.o
    0x0000a502   0x00000014   Code   RO         1000    i.Set_Common_Config  led.o
    0x0000a516   0x0000000e   Code   RO         1001    i.Set_Common_Remap  led.o
    0x0000a524   0x00000012   Code   RO         1002    i.Set_Display_Clock  led.o
    0x0000a536   0x00000012   Code   RO         1003    i.Set_Display_Offset  led.o
    0x0000a548   0x0000000e   Code   RO         1004    i.Set_Display_On_Off  led.o
    0x0000a556   0x0000000e   Code   RO         1005    i.Set_Entire_Display  led.o
    0x0000a564   0x0000000e   Code   RO         1006    i.Set_Inverse_Display  led.o
    0x0000a572   0x00000012   Code   RO         1007    i.Set_Multiplex_Ratio  led.o
    0x0000a584   0x00000012   Code   RO         1009    i.Set_Precharge_Period  led.o
    0x0000a596   0x0000000e   Code   RO         1010    i.Set_Segment_Remap  led.o
    0x0000a5a4   0x00000012   Code   RO         1011    i.Set_VCOMH         led.o
    0x0000a5b6   0x00000002   PAD
    0x0000a5b8   0x00000140   Code   RO          769    i.Speed_Calculate   speed_control.o
    0x0000a6f8   0x00000024   Code   RO          503    i.Steering_Init     servo_control.o
    0x0000a71c   0x0000001c   Code   RO         2045    i.SystemInit        system_mk60d10.o
    0x0000a738   0x00000064   Code   RO         1348    i.TX_Mode_f         24l01_f.o
    0x0000a79c   0x000001a8   Code   RO          853    i.T_Data            meeting_car.o
    0x0000a944   0x000000cc   Code   RO          905    i.Third_Page        disply_send.o
    0x0000aa10   0x0000001c   Code   RO         3407    i.UART0_DriverIRQHandler  fsl_uart.o
    0x0000aa2c   0x00000008   Code   RO         3408    i.UART0_RX_TX_DriverIRQHandler  fsl_uart.o
    0x0000aa34   0x0000001c   Code   RO         3409    i.UART1_DriverIRQHandler  fsl_uart.o
    0x0000aa50   0x00000008   Code   RO         3410    i.UART1_RX_TX_DriverIRQHandler  fsl_uart.o
    0x0000aa58   0x0000001c   Code   RO         3411    i.UART2_DriverIRQHandler  fsl_uart.o
    0x0000aa74   0x00000008   Code   RO         3412    i.UART2_RX_TX_DriverIRQHandler  fsl_uart.o
    0x0000aa7c   0x0000001c   Code   RO         3413    i.UART3_DriverIRQHandler  fsl_uart.o
    0x0000aa98   0x00000008   Code   RO         3414    i.UART3_RX_TX_DriverIRQHandler  fsl_uart.o
    0x0000aaa0   0x0000001c   Code   RO         3415    i.UART4_DriverIRQHandler  fsl_uart.o
    0x0000aabc   0x00000008   Code   RO         3416    i.UART4_RX_TX_DriverIRQHandler  fsl_uart.o
    0x0000aac4   0x0000001c   Code   RO         3417    i.UART5_DriverIRQHandler  fsl_uart.o
    0x0000aae0   0x00000008   Code   RO         3418    i.UART5_RX_TX_DriverIRQHandler  fsl_uart.o
    0x0000aae8   0x0000006c   Code   RO         3425    i.UART_GetInstance  fsl_uart.o
    0x0000ab54   0x0000013c   Code   RO         3427    i.UART_Init         fsl_uart.o
    0x0000ac90   0x00000030   Code   RO          351    i.Uart_Init         init.o
    0x0000acc0   0x00000044   Code   RO         2081    i.__aeabi_assert    fsl_common.o
    0x0000ad04   0x0000002c   Code   RO         2693    i.copy_flash_common_bit_operation  fsl_flash.o
    0x0000ad30   0x00000020   Code   RO         2694    i.copy_flash_run_command  fsl_flash.o
    0x0000ad50   0x000000c4   Code   RO          567    i.edge_detection_left  deal_image.o
    0x0000ae14   0x0000005c   Code   RO          568    i.edge_detection_left1  deal_image.o
    0x0000ae70   0x000000c4   Code   RO          569    i.edge_detection_right  deal_image.o
    0x0000af34   0x0000000e   Code   RO         2695    i.flash_cache_clear  fsl_flash.o
    0x0000af42   0x00000022   Code   RO         2696    i.flash_cache_clear_process  fsl_flash.o
    0x0000af64   0x0000001c   Code   RO         2697    i.flash_check_execute_in_ram_function_info  fsl_flash.o
    0x0000af80   0x00000034   Code   RO         2698    i.flash_check_range  fsl_flash.o
    0x0000afb4   0x00000014   Code   RO         2701    i.flash_check_user_key  fsl_flash.o
    0x0000afc8   0x00000050   Code   RO         2702    i.flash_command_sequence  fsl_flash.o
    0x0000b018   0x0000003e   Code   RO         2703    i.flash_get_matched_operation_info  fsl_flash.o
    0x0000b056   0x00000002   PAD
    0x0000b058   0x00000020   Code   RO         2706    i.fmc_flash_cache_clear  fsl_flash.o
    0x0000b078   0x00000020   Code   RO         2707    i.fmc_flash_prefetch_speculation_clear  fsl_flash.o
    0x0000b098   0x00000024   Code   RO         2135    i.fputc             fsl_debug_console.o
    0x0000b0bc   0x00000080   Code   RO         1288    i.img_extract       osc.o
    0x0000b13c   0x00000018   Code   RO         1349    i.init_io_f         24l01_f.o
    0x0000b154   0x00000014   Code   RO         1429    i.init_io_s         24l01_s.o
    0x0000b168   0x000001d0   Code   RO            9    i.main              main.o
    0x0000b338   0x000000d0   Code   RO          352    i.pit_init          init.o
    0x0000b408   0x00000114   Code   RO         1702    i.sensor_calibrate1  6050_i2c.o
    0x0000b51c   0x00000062   Code   RO         4093    x$fpl$d2f           fz_ws.l(d2f.o)
    0x0000b57e   0x00000002   PAD
    0x0000b580   0x00000150   Code   RO         4095    x$fpl$dadd          fz_ws.l(daddsub_clz.o)
    0x0000b6d0   0x00000018   Code   RO         4177    x$fpl$dcmpinf       fz_ws.l(dcmpi.o)
    0x0000b6e8   0x000002b0   Code   RO         4102    x$fpl$ddiv          fz_ws.l(ddiv.o)
    0x0000b998   0x0000005e   Code   RO         4105    x$fpl$dfix          fz_ws.l(dfix.o)
    0x0000b9f6   0x0000002e   Code   RO         4110    x$fpl$dflt          fz_ws.l(dflt_clz.o)
    0x0000ba24   0x00000078   Code   RO         4115    x$fpl$dleqf         fz_ws.l(dleqf.o)
    0x0000ba9c   0x00000154   Code   RO         4117    x$fpl$dmul          fz_ws.l(dmul.o)
    0x0000bbf0   0x0000009c   Code   RO         4179    x$fpl$dnaninf       fz_ws.l(dnaninf.o)
    0x0000bc8c   0x0000000c   Code   RO         4181    x$fpl$dretinf       fz_ws.l(dretinf.o)
    0x0000bc98   0x0000006c   Code   RO         4119    x$fpl$drleqf        fz_ws.l(drleqf.o)
    0x0000bd04   0x000001d4   Code   RO         4097    x$fpl$dsub          fz_ws.l(daddsub_clz.o)
    0x0000bed8   0x00000056   Code   RO         4121    x$fpl$f2d           fz_ws.l(f2d.o)
    0x0000bf2e   0x00000002   PAD
    0x0000bf30   0x000000c4   Code   RO         4123    x$fpl$fadd          fz_ws.l(faddsub_clz.o)
    0x0000bff4   0x00000018   Code   RO         4183    x$fpl$fcmpinf       fz_ws.l(fcmpi.o)
    0x0000c00c   0x00000184   Code   RO         4130    x$fpl$fdiv          fz_ws.l(fdiv.o)
    0x0000c190   0x00000036   Code   RO         4135    x$fpl$ffix          fz_ws.l(ffix.o)
    0x0000c1c6   0x00000002   PAD
    0x0000c1c8   0x00000030   Code   RO         4144    x$fpl$fflt          fz_ws.l(fflt_clz.o)
    0x0000c1f8   0x00000026   Code   RO         4143    x$fpl$ffltu         fz_ws.l(fflt_clz.o)
    0x0000c21e   0x00000002   PAD
    0x0000c220   0x00000068   Code   RO         4149    x$fpl$fleqf         fz_ws.l(fleqf.o)
    0x0000c288   0x00000102   Code   RO         4151    x$fpl$fmul          fz_ws.l(fmul.o)
    0x0000c38a   0x0000008c   Code   RO         4185    x$fpl$fnaninf       fz_ws.l(fnaninf.o)
    0x0000c416   0x0000000a   Code   RO         4187    x$fpl$fretinf       fz_ws.l(fretinf.o)
    0x0000c420   0x00000062   Code   RO         4153    x$fpl$frleqf        fz_ws.l(frleqf.o)
    0x0000c482   0x00000014   Code   RO         4124    x$fpl$frsb          fz_ws.l(faddsub_clz.o)
    0x0000c496   0x00000002   PAD
    0x0000c498   0x000000ea   Code   RO         4125    x$fpl$fsub          fz_ws.l(faddsub_clz.o)
    0x0000c582   0x00000000   Code   RO         4189    x$fpl$usenofp       fz_ws.l(usenofp.o)
    0x0000c582   0x00000002   PAD
    0x0000c584   0x0000001c   Data   RO          248    .constdata          clock_config.o
    0x0000c5a0   0x00000018   Data   RO          353    .constdata          init.o
    0x0000c5b8   0x00000a35   Data   RO         1013    .constdata          led.o
    0x0000cfed   0x00000003   PAD
    0x0000cff0   0x00000002   Data   RO         1612    .constdata          sccb.o
    0x0000cff2   0x00000002   PAD
    0x0000cff4   0x00000006   Data   RO         1703    .constdata          6050_i2c.o
    0x0000cffa   0x00000002   PAD
    0x0000cffc   0x00000010   Data   RO         2247    .constdata          fsl_adc16.o
    0x0000d00c   0x00000060   Data   RO         2387    .constdata          fsl_clock.o
    0x0000d06c   0x0000004e   Data   RO         2709    .constdata          fsl_flash.o
    0x0000d0ba   0x00000002   PAD
    0x0000d0bc   0x00000018   Data   RO         2948    .constdata          fsl_ftm.o
    0x0000d0d4   0x00000094   Data   RO         3147    .constdata          fsl_i2c.o
    0x0000d168   0x00000008   Data   RO         3373    .constdata          fsl_pit.o
    0x0000d170   0x00000038   Data   RO         3447    .constdata          fsl_uart.o
    0x0000d1a8   0x00000028   Data   RO         4041    .constdata          c_w.l(_printf_hex_int.o)
    0x0000d1d0   0x00000030   Data   RO         4396    Region$$Table       anon$$obj.o


    Execution Region RW_m_data (Base: 0x1fff0000, Size: 0x00005dc0, Max: 0x00010000, ABSOLUTE)

    Base Addr    Size         Type   Attr      Idx    E Section Name        Object

    0x1fff0000   0x00005dc0   Zero   RW         1511    .bss                camera.o


    Execution Region RW_m_data_2 (Base: 0x20000000, Size: 0x00001120, Max: 0x0000f800, ABSOLUTE, COMPRESSED[0x000000e0])

    Base Addr    Size         Type   Attr      Idx    E Section Name        Object

    0x20000000   0x00000010   Data   RW           11    .data               main.o
    0x20000010   0x0000003c   Data   RW          505    .data               servo_control.o
    0x2000004c   0x00000078   Data   RW          572    .data               deal_image.o
    0x200000c4   0x00000098   Data   RW          691    .data               deal_elec.o
    0x2000015c   0x0000002c   Data   RW          772    .data               speed_control.o
    0x20000188   0x00000037   Data   RW          854    .data               meeting_car.o
    0x200001bf   0x00000001   PAD
    0x200001c0   0x00000004   Data   RW          907    .data               disply_send.o
    0x200001c4   0x00000014   Data   RW         1351    .data               24l01_f.o
    0x200001d8   0x0000001e   Data   RW         1431    .data               24l01_s.o
    0x200001f6   0x00000002   PAD
    0x200001f8   0x0000006e   Data   RW         1512    .data               camera.o
    0x20000266   0x00000002   PAD
    0x20000268   0x00000052   Data   RW         1704    .data               6050_i2c.o
    0x200002ba   0x00000002   PAD
    0x200002bc   0x00000020   Data   RW         1879    .data               mandarin.o
    0x200002dc   0x00000001   Data   RW         1962    .data               flash.o
    0x200002dd   0x00000001   PAD
    0x200002de   0x00000002   Data   RW         2013    .data               scc_cmt.o
    0x200002e0   0x00000004   Data   RW         2046    .data               system_mk60d10.o
    0x200002e4   0x00000008   Data   RW         2137    .data               fsl_debug_console.o
    0x200002ec   0x00000010   Data   RW         2388    .data               fsl_clock.o
    0x200002fc   0x00000008   Data   RW         2710    .data               fsl_flash.o
    0x20000304   0x00000010   Data   RW         3148    .data               fsl_i2c.o
    0x20000314   0x00000004   Data   RW         3448    .data               fsl_uart.o
    0x20000318   0x0000000c   Zero   RW          504    .bss                servo_control.o
    0x20000324   0x00000aa0   Zero   RW          571    .bss                deal_image.o
    0x20000dc4   0x0000006c   Zero   RW          690    .bss                deal_elec.o
    0x20000e30   0x000000e8   Zero   RW          771    .bss                speed_control.o
    0x20000f18   0x00000010   Zero   RW         1350    .bss                24l01_f.o
    0x20000f28   0x00000010   Zero   RW         1430    .bss                24l01_s.o
    0x20000f38   0x000000f4   Zero   RW         1961    .bss                flash.o
    0x2000102c   0x00000010   Zero   RW         2136    .bss                fsl_debug_console.o
    0x2000103c   0x0000008c   Zero   RW         2708    .bss                fsl_flash.o
    0x200010c8   0x00000018   Zero   RW         3446    .bss                fsl_uart.o
    0x200010e0   0x00000040   Zero   RW         3717    .bss                fsl_edma.o


    Execution Region ARM_LIB_HEAP (Base: 0x20001120, Size: 0x00000400, Max: 0x00000400, ABSOLUTE)

    Base Addr    Size         Type   Attr      Idx    E Section Name        Object

    0x20001120   0x00000400   Zero   RW            2    ARM_LIB_HEAP.bss    anon$$obj.o


    Execution Region ARM_LIB_STACK (Base: 0x2000fc00, Size: 0x00000400, Max: 0x00000400, ABSOLUTE)

    Base Addr    Size         Type   Attr      Idx    E Section Name        Object

    0x2000fc00   0x00000400   Zero   RW            3    ARM_LIB_STACK.bss   anon$$obj.o


==============================================================================

Image component sizes


      Code (inc. data)   RO Data    RW Data    ZI Data      Debug   Object Name

       548         54          0         20         16       7095   24l01_f.o
       496         48          0         30         16       7082   24l01_s.o
       600        112          6         82          0       9692   6050_i2c.o
      1136        242          0        110      24000      37814   camera.o
       116         36         28          0          0       9297   clock_config.o
      4084        426          0        152        108       6895   deal_elec.o
     12906        900          0        120       2720      18593   deal_image.o
      1072        148          0          4          0       2855   disply_send.o
       968         70          0          1        244       2377   flash.o
       608        230         16          0          0      11093   fsl_adc16.o
      1680        416         96         16          0      23728   fsl_clock.o
        68         44          0          0          0        601   fsl_common.o
       902         18          0          8         16       9783   fsl_debug_console.o
       516        108          0          0         64       8999   fsl_edma.o
       918         82         78          8        140      14358   fsl_flash.o
      1892        314         24          0          0       6960   fsl_ftm.o
       104         32          0          0          0       1863   fsl_gpio.o
       656        206        148         16          0       8820   fsl_i2c.o
       236        108          8          0          0       1751   fsl_pit.o
       640        194         56          4         24       8239   fsl_uart.o
      1428        164         24          0          0      46404   init.o
      1774         48       2613          0          0      16292   led.o
       496         70          0         16          0     500977   main.o
       350         54          0         32          0       3402   mandarin.o
      3424        506          0         55          0       4816   meeting_car.o
       128          6          0          0          0       1038   osc.o
       938         34          0          0          0      11908   pin_mux.o
       212         24          0          2          0       1809   scc_cmt.o
       918         64          2          0          0      10258   sccb.o
       580        110          0         60         12       2821   servo_control.o
      2450        270          0         44        232      14891   speed_control.o
       492        232       1040          0          0       3480   startup_mk60d10.o
        28          6          0          4          0        679   system_mk60d10.o
       440         10          0          0          0       2063   user_i2c.o

    ----------------------------------------------------------------------
     43828       5386       4196        792      29640     818733   Object Totals
         0          0         48          0       2048          0   (incl. Generated)
        24          0          9          8          0          0   (incl. Padding)

    ----------------------------------------------------------------------

      Code (inc. data)   RO Data    RW Data    ZI Data      Debug   Library Member Name

        90          0          0          0          0          0   __dczerorl2.o
         8          0          0          0          0         68   __main.o
       104          0          0          0          0         84   __printf.o
         0          0          0          0          0          0   __rtentry.o
        12          0          0          0          0          0   __rtentry2.o
         8          4          0          0          0          0   __rtentry7.o
        52          8          0          0          0          0   __scatter.o
        28          0          0          0          0          0   __scatter_zi.o
        48          6          0          0          0         96   _printf_char_common.o
        36          4          0          0          0         80   _printf_char_file.o
         6          0          0          0          0          0   _printf_d.o
       120         16          0          0          0         92   _printf_dec.o
        88          4         40          0          0         88   _printf_hex_int.o
       178          0          0          0          0         88   _printf_intcommon.o
         0          0          0          0          0          0   _printf_percent.o
         4          0          0          0          0          0   _printf_percent_end.o
         6          0          0          0          0          0   _printf_x.o
        18          0          0          0          0         80   exit.o
         8          0          0          0          0         68   ferror.o
         0          0          0          0          0          0   indicate_semi.o
         2          0          0          0          0          0   libinit.o
         2          0          0          0          0          0   libinit2.o
         2          0          0          0          0          0   libshutdown.o
         2          0          0          0          0          0   libshutdown2.o
       238          0          0          0          0        100   lludivv7m.o
        24          4          0          0          0         84   noretval__2printf.o
        78          0          0          0          0         80   rt_memclr_w.o
       138          0          0          0          0         68   rt_memcpy_v6.o
       100          0          0          0          0         80   rt_memcpy_w.o
         2          0          0          0          0          0   rtexit.o
        10          0          0          0          0          0   rtexit2.o
        62          0          0          0          0         76   strlen.o
        12          4          0          0          0         68   sys_exit.o
         2          0          0          0          0         68   use_no_semi.o
        98          4          0          0          0         92   d2f.o
       804         16          0          0          0        272   daddsub_clz.o
        24          0          0          0          0         68   dcmpi.o
       688        140          0          0          0        208   ddiv.o
        94          4          0          0          0         92   dfix.o
        46          0          0          0          0         68   dflt_clz.o
       120          4          0          0          0         92   dleqf.o
       340         12          0          0          0        104   dmul.o
       156          4          0          0          0         92   dnaninf.o
        12          0          0          0          0         68   dretinf.o
       108          0          0          0          0         80   drleqf.o
        86          4          0          0          0         84   f2d.o
       450          8          0          0          0        236   faddsub_clz.o
        24          0          0          0          0         68   fcmpi.o
       388         76          0          0          0         96   fdiv.o
        54          4          0          0          0         84   ffix.o
        86          0          0          0          0        136   fflt_clz.o
       104          4          0          0          0         84   fleqf.o
       258          4          0          0          0         84   fmul.o
       140          4          0          0          0         84   fnaninf.o
        10          0          0          0          0         68   fretinf.o
        98          0          0          0          0         68   frleqf.o
         0          0          0          0          0          0   usenofp.o

    ----------------------------------------------------------------------
      5696        338         40          0          0       3696   Library Totals
        20          0          0          0          0          0   (incl. Padding)

    ----------------------------------------------------------------------

      Code (inc. data)   RO Data    RW Data    ZI Data      Debug   Library Name

      1488         50         40          0          0       1368   c_w.l
      4188        288          0          0          0       2328   fz_ws.l

    ----------------------------------------------------------------------
      5696        338         40          0          0       3696   Library Totals

    ----------------------------------------------------------------------

==============================================================================


      Code (inc. data)   RO Data    RW Data    ZI Data      Debug   

     49524       5724       4236        792      29640     807293   Grand Totals
     49524       5724       4236        224      29640     807293   ELF Image Totals (compressed)
     49524       5724       4236        224          0          0   ROM Totals

==============================================================================

    Total RO  Size (Code + RO Data)                53760 (  52.50kB)
    Total RW  Size (RW Data + ZI Data)             30432 (  29.72kB)
    Total ROM Size (Code + RO Data + RW Data)      53984 (  52.72kB)

==============================================================================

